Archive member included to satisfy reference by file (symbol)

C:/ST/STM32CubeIDE_1.15.1/STM32CubeIDE/plugins/com.st.stm32cube.ide.mcu.externaltools.gnu-tools-for-stm32.12.3.rel1.win32_1.0.100.202403111256/tools/bin/../lib/gcc/arm-none-eabi/12.3.1/../../../../arm-none-eabi/lib/thumb/v7e-m/nofp\libc_nano.a(libc_a-exit.o)
                              C:/ST/STM32CubeIDE_1.15.1/STM32CubeIDE/plugins/com.st.stm32cube.ide.mcu.externaltools.gnu-tools-for-stm32.12.3.rel1.win32_1.0.100.202403111256/tools/bin/../lib/gcc/arm-none-eabi/12.3.1/../../../../arm-none-eabi/lib/thumb/v7e-m/nofp/crt0.o (exit)
C:/ST/STM32CubeIDE_1.15.1/STM32CubeIDE/plugins/com.st.stm32cube.ide.mcu.externaltools.gnu-tools-for-stm32.12.3.rel1.win32_1.0.100.202403111256/tools/bin/../lib/gcc/arm-none-eabi/12.3.1/../../../../arm-none-eabi/lib/thumb/v7e-m/nofp\libc_nano.a(libc_a-findfp.o)
                              C:/ST/STM32CubeIDE_1.15.1/STM32CubeIDE/plugins/com.st.stm32cube.ide.mcu.externaltools.gnu-tools-for-stm32.12.3.rel1.win32_1.0.100.202403111256/tools/bin/../lib/gcc/arm-none-eabi/12.3.1/../../../../arm-none-eabi/lib/thumb/v7e-m/nofp\libc_nano.a(libc_a-exit.o) (__stdio_exit_handler)
C:/ST/STM32CubeIDE_1.15.1/STM32CubeIDE/plugins/com.st.stm32cube.ide.mcu.externaltools.gnu-tools-for-stm32.12.3.rel1.win32_1.0.100.202403111256/tools/bin/../lib/gcc/arm-none-eabi/12.3.1/../../../../arm-none-eabi/lib/thumb/v7e-m/nofp\libc_nano.a(libc_a-fwalk.o)
                              C:/ST/STM32CubeIDE_1.15.1/STM32CubeIDE/plugins/com.st.stm32cube.ide.mcu.externaltools.gnu-tools-for-stm32.12.3.rel1.win32_1.0.100.202403111256/tools/bin/../lib/gcc/arm-none-eabi/12.3.1/../../../../arm-none-eabi/lib/thumb/v7e-m/nofp\libc_nano.a(libc_a-findfp.o) (_fwalk_sglue)
C:/ST/STM32CubeIDE_1.15.1/STM32CubeIDE/plugins/com.st.stm32cube.ide.mcu.externaltools.gnu-tools-for-stm32.12.3.rel1.win32_1.0.100.202403111256/tools/bin/../lib/gcc/arm-none-eabi/12.3.1/../../../../arm-none-eabi/lib/thumb/v7e-m/nofp\libc_nano.a(libc_a-stdio.o)
                              C:/ST/STM32CubeIDE_1.15.1/STM32CubeIDE/plugins/com.st.stm32cube.ide.mcu.externaltools.gnu-tools-for-stm32.12.3.rel1.win32_1.0.100.202403111256/tools/bin/../lib/gcc/arm-none-eabi/12.3.1/../../../../arm-none-eabi/lib/thumb/v7e-m/nofp\libc_nano.a(libc_a-findfp.o) (__sread)
C:/ST/STM32CubeIDE_1.15.1/STM32CubeIDE/plugins/com.st.stm32cube.ide.mcu.externaltools.gnu-tools-for-stm32.12.3.rel1.win32_1.0.100.202403111256/tools/bin/../lib/gcc/arm-none-eabi/12.3.1/../../../../arm-none-eabi/lib/thumb/v7e-m/nofp\libc_nano.a(libc_a-memset.o)
                              C:/ST/STM32CubeIDE_1.15.1/STM32CubeIDE/plugins/com.st.stm32cube.ide.mcu.externaltools.gnu-tools-for-stm32.12.3.rel1.win32_1.0.100.202403111256/tools/bin/../lib/gcc/arm-none-eabi/12.3.1/../../../../arm-none-eabi/lib/thumb/v7e-m/nofp/crt0.o (memset)
C:/ST/STM32CubeIDE_1.15.1/STM32CubeIDE/plugins/com.st.stm32cube.ide.mcu.externaltools.gnu-tools-for-stm32.12.3.rel1.win32_1.0.100.202403111256/tools/bin/../lib/gcc/arm-none-eabi/12.3.1/../../../../arm-none-eabi/lib/thumb/v7e-m/nofp\libc_nano.a(libc_a-closer.o)
                              C:/ST/STM32CubeIDE_1.15.1/STM32CubeIDE/plugins/com.st.stm32cube.ide.mcu.externaltools.gnu-tools-for-stm32.12.3.rel1.win32_1.0.100.202403111256/tools/bin/../lib/gcc/arm-none-eabi/12.3.1/../../../../arm-none-eabi/lib/thumb/v7e-m/nofp\libc_nano.a(libc_a-stdio.o) (_close_r)
C:/ST/STM32CubeIDE_1.15.1/STM32CubeIDE/plugins/com.st.stm32cube.ide.mcu.externaltools.gnu-tools-for-stm32.12.3.rel1.win32_1.0.100.202403111256/tools/bin/../lib/gcc/arm-none-eabi/12.3.1/../../../../arm-none-eabi/lib/thumb/v7e-m/nofp\libc_nano.a(libc_a-reent.o)
                              C:/ST/STM32CubeIDE_1.15.1/STM32CubeIDE/plugins/com.st.stm32cube.ide.mcu.externaltools.gnu-tools-for-stm32.12.3.rel1.win32_1.0.100.202403111256/tools/bin/../lib/gcc/arm-none-eabi/12.3.1/../../../../arm-none-eabi/lib/thumb/v7e-m/nofp\libc_nano.a(libc_a-closer.o) (errno)
C:/ST/STM32CubeIDE_1.15.1/STM32CubeIDE/plugins/com.st.stm32cube.ide.mcu.externaltools.gnu-tools-for-stm32.12.3.rel1.win32_1.0.100.202403111256/tools/bin/../lib/gcc/arm-none-eabi/12.3.1/../../../../arm-none-eabi/lib/thumb/v7e-m/nofp\libc_nano.a(libc_a-impure.o)
                              C:/ST/STM32CubeIDE_1.15.1/STM32CubeIDE/plugins/com.st.stm32cube.ide.mcu.externaltools.gnu-tools-for-stm32.12.3.rel1.win32_1.0.100.202403111256/tools/bin/../lib/gcc/arm-none-eabi/12.3.1/../../../../arm-none-eabi/lib/thumb/v7e-m/nofp\libc_nano.a(libc_a-reent.o) (_impure_ptr)
C:/ST/STM32CubeIDE_1.15.1/STM32CubeIDE/plugins/com.st.stm32cube.ide.mcu.externaltools.gnu-tools-for-stm32.12.3.rel1.win32_1.0.100.202403111256/tools/bin/../lib/gcc/arm-none-eabi/12.3.1/../../../../arm-none-eabi/lib/thumb/v7e-m/nofp\libc_nano.a(libc_a-lseekr.o)
[...]
Memory Configuration

Name             Origin             Length             Attributes
RAM              0x20000000         0x00010000         xrw
RAM2             0x10000000         0x00008000         xrw
FLASH            0x08000000         0x00040000         xr
*default*        0x00000000         0xffffffff

Linker script and memory map

LOAD C:/ST/STM32CubeIDE_1.15.1/STM32CubeIDE/plugins/com.st.stm32cube.ide.mcu.externaltools.gnu-tools-for-stm32.12.3.rel1.win32_1.0.100.202403111256/tools/bin/../lib/gcc/arm-none-eabi/12.3.1/thumb/v7e-m/nofp/crti.o
LOAD C:/ST/STM32CubeIDE_1.15.1/STM32CubeIDE/plugins/com.st.stm32cube.ide.mcu.externaltools.gnu-tools-for-stm32.12.3.rel1.win32_1.0.100.202403111256/tools/bin/../lib/gcc/arm-none-eabi/12.3.1/thumb/v7e-m/nofp/crtbegin.o
LOAD C:/ST/STM32CubeIDE_1.15.1/STM32CubeIDE/plugins/com.st.stm32cube.ide.mcu.externaltools.gnu-tools-for-stm32.12.3.rel1.win32_1.0.100.202403111256/tools/bin/../lib/gcc/arm-none-eabi/12.3.1/../../../../arm-none-eabi/lib/thumb/v7e-m/nofp/crt0.o
LOAD ./Core/Src/main.o
LOAD ./Core/Src/stm32_adv_trace_if.o
LOAD ./Core/Src/stm32_lpm_if.o
LOAD ./Core/Src/stm32wlxx_hal_msp.o
LOAD ./Core/Src/stm32wlxx_it.o
LOAD ./Core/Src/sys_app.o
LOAD ./Core/Src/syscalls.o
LOAD ./Core/Src/sysmem.o
LOAD ./Core/Src/system_stm32wlxx.o
LOAD ./Core/Src/timer_if.o
LOAD ./Core/Startup/startup_stm32wl55jcix.o
LOAD ./Drivers/STM32WLxx_HAL_Driver/Src/stm32wlxx_hal.o
LOAD ./Drivers/STM32WLxx_HAL_Driver/Src/stm32wlxx_hal_cortex.o
LOAD ./Drivers/STM32WLxx_HAL_Driver/Src/stm32wlxx_hal_dma.o
LOAD ./Drivers/STM32WLxx_HAL_Driver/Src/stm32wlxx_hal_dma_ex.o
LOAD ./Drivers/STM32WLxx_HAL_Driver/Src/stm32wlxx_hal_exti.o
LOAD ./Drivers/STM32WLxx_HAL_Driver/Src/stm32wlxx_hal_flash.o
LOAD ./Drivers/STM32WLxx_HAL_Driver/Src/stm32wlxx_hal_flash_ex.o
LOAD ./Drivers/STM32WLxx_HAL_Driver/Src/stm32wlxx_hal_gpio.o
LOAD ./Drivers/STM32WLxx_HAL_Driver/Src/stm32wlxx_hal_pwr.o
LOAD ./Drivers/STM32WLxx_HAL_Driver/Src/stm32wlxx_hal_pwr_ex.o
LOAD ./Drivers/STM32WLxx_HAL_Driver/Src/stm32wlxx_hal_rcc.o
LOAD ./Drivers/STM32WLxx_HAL_Driver/Src/stm32wlxx_hal_rcc_ex.o
LOAD ./Drivers/STM32WLxx_HAL_Driver/Src/stm32wlxx_hal_subghz.o
LOAD ./Drivers/STM32WLxx_HAL_Driver/Src/stm32wlxx_hal_tim.o
LOAD ./Drivers/STM32WLxx_HAL_Driver/Src/stm32wlxx_hal_tim_ex.o
LOAD ./Drivers/STM32WLxx_HAL_Driver/Src/stm32wlxx_hal_uart.o
LOAD ./Drivers/STM32WLxx_HAL_Driver/Src/stm32wlxx_hal_uart_ex.o
LOAD ./Drivers/STM32WLxx_Nucleo/stm32wlxx_nucleo.o
LOAD ./Drivers/STM32WLxx_Nucleo/stm32wlxx_nucleo_radio.o
LOAD ./Middlewares/Third_Party/SubGHz_Phy/stm32_radio_driver/lr_fhss_mac.o
LOAD ./Middlewares/Third_Party/SubGHz_Phy/stm32_radio_driver/radio.o
LOAD ./Middlewares/Third_Party/SubGHz_Phy/stm32_radio_driver/radio_driver.o
LOAD ./Middlewares/Third_Party/SubGHz_Phy/stm32_radio_driver/radio_fw.o
LOAD ./Middlewares/Third_Party/SubGHz_Phy/stm32_radio_driver/wl_lr_fhss.o
LOAD ./SubGHz_Phy/App/app_subghz_phy.o
LOAD ./SubGHz_Phy/App/subghz_phy_app.o
LOAD ./SubGHz_Phy/Target/radio_board_if.o
LOAD ./Utilities/lpm/tiny_lpm/stm32_lpm.o
LOAD ./Utilities/misc/stm32_mem.o
LOAD ./Utilities/misc/stm32_systime.o
LOAD ./Utilities/misc/stm32_tiny_sscanf.o
LOAD ./Utilities/misc/stm32_tiny_vsnprintf.o
LOAD ./Utilities/sequencer/stm32_seq.o
LOAD ./Utilities/timer/stm32_timer.o
LOAD ./Utilities/trace/adv_trace/stm32_adv_trace.o
START GROUP
LOAD C:/ST/STM32CubeIDE_1.15.1/STM32CubeIDE/plugins/com.st.stm32cube.ide.mcu.externaltools.gnu-tools-for-stm32.12.3.rel1.win32_1.0.100.202403111256/tools/bin/../lib/gcc/arm-none-eabi/12.3.1/../../../../arm-none-eabi/lib/thumb/v7e-m/nofp\libc_nano.a
LOAD C:/ST/STM32CubeIDE_1.15.1/STM32CubeIDE/plugins/com.st.stm32cube.ide.mcu.externaltools.gnu-tools-for-stm32.12.3.rel1.win32_1.0.100.202403111256/tools/bin/../lib/gcc/arm-none-eabi/12.3.1/../../../../arm-none-eabi/lib/thumb/v7e-m/nofp\libm.a
END GROUP
START GROUP
LOAD C:/ST/STM32CubeIDE_1.15.1/STM32CubeIDE/plugins/com.st.stm32cube.ide.mcu.externaltools.gnu-tools-for-stm32.12.3.rel1.win32_1.0.100.202403111256/tools/bin/../lib/gcc/arm-none-eabi/12.3.1/thumb/v7e-m/nofp\libgcc.a
LOAD C:/ST/STM32CubeIDE_1.15.1/STM32CubeIDE/plugins/com.st.stm32cube.ide.mcu.externaltools.gnu-tools-for-stm32.12.3.rel1.win32_1.0.100.202403111256/tools/bin/../lib/gcc/arm-none-eabi/12.3.1/../../../../arm-none-eabi/lib/thumb/v7e-m/nofp\libc_nano.a
END GROUP
START GROUP
LOAD C:/ST/STM32CubeIDE_1.15.1/STM32CubeIDE/plugins/com.st.stm32cube.ide.mcu.externaltools.gnu-tools-for-stm32.12.3.rel1.win32_1.0.100.202403111256/tools/bin/../lib/gcc/arm-none-eabi/12.3.1/thumb/v7e-m/nofp\libgcc.a
LOAD C:/ST/STM32CubeIDE_1.15.1/STM32CubeIDE/plugins/com.st.stm32cube.ide.mcu.externaltools.gnu-tools-for-stm32.12.3.rel1.win32_1.0.100.202403111256/tools/bin/../lib/gcc/arm-none-eabi/12.3.1/../../../../arm-none-eabi/lib/thumb/v7e-m/nofp\libc_nano.a
LOAD C:/ST/STM32CubeIDE_1.15.1/STM32CubeIDE/plugins/com.st.stm32cube.ide.mcu.externaltools.gnu-tools-for-stm32.12.3.rel1.win32_1.0.100.202403111256/tools/bin/../lib/gcc/arm-none-eabi/12.3.1/../../../../arm-none-eabi/lib/thumb/v7e-m/nofp\libnosys.a
END GROUP
START GROUP
LOAD C:/ST/STM32CubeIDE_1.15.1/STM32CubeIDE/plugins/com.st.stm32cube.ide.mcu.externaltools.gnu-tools-for-stm32.12.3.rel1.win32_1.0.100.202403111256/tools/bin/../lib/gcc/arm-none-eabi/12.3.1/thumb/v7e-m/nofp\libgcc.a
LOAD C:/ST/STM32CubeIDE_1.15.1/STM32CubeIDE/plugins/com.st.stm32cube.ide.mcu.externaltools.gnu-tools-for-stm32.12.3.rel1.win32_1.0.100.202403111256/tools/bin/../lib/gcc/arm-none-eabi/12.3.1/../../../../arm-none-eabi/lib/thumb/v7e-m/nofp\libc_nano.a
LOAD C:/ST/STM32CubeIDE_1.15.1/STM32CubeIDE/plugins/com.st.stm32cube.ide.mcu.externaltools.gnu-tools-for-stm32.12.3.rel1.win32_1.0.100.202403111256/tools/bin/../lib/gcc/arm-none-eabi/12.3.1/../../../../arm-none-eabi/lib/thumb/v7e-m/nofp\libnosys.a
END GROUP
LOAD C:/ST/STM32CubeIDE_1.15.1/STM32CubeIDE/plugins/com.st.stm32cube.ide.mcu.externaltools.gnu-tools-for-stm32.12.3.rel1.win32_1.0.100.202403111256/tools/bin/../lib/gcc/arm-none-eabi/12.3.1/thumb/v7e-m/nofp/crtend.o
LOAD C:/ST/STM32CubeIDE_1.15.1/STM32CubeIDE/plugins/com.st.stm32cube.ide.mcu.externaltools.gnu-tools-for-stm32.12.3.rel1.win32_1.0.100.202403111256/tools/bin/../lib/gcc/arm-none-eabi/12.3.1/thumb/v7e-m/nofp/crtn.o
                0x20010000                        _estack = (ORIGIN (RAM) + LENGTH (RAM))
                0x00000200                        _Min_Heap_Size = 0x200
                0x00000400                        _Min_Stack_Size = 0x400

.isr_vector     0x08000000      0x138
                0x08000000                        . = ALIGN (0x4)
 *(.isr_vector)
 .isr_vector    0x08000000      0x138 ./Core/Startup/startup_stm32wl55jcix.o
                0x08000000                g_pfnVectors
                0x08000138                        . = ALIGN (0x4)

.text           0x08000138     0x98bc
                0x08000138                        . = ALIGN (0x4)
 *(.text)
 .text          0x08000138       0x40 C:/ST/STM32CubeIDE_1.15.1/STM32CubeIDE/plugins/com.st.stm32cube.ide.mcu.externaltools.gnu-tools-for-stm32.12.3.rel1.win32_1.0.100.202403111256/tools/bin/../lib/gcc/arm-none-eabi/12.3.1/thumb/v7e-m/nofp/crtbegin.o
 .text          0x08000178       0x30 C:/ST/STM32CubeIDE_1.15.1/STM32CubeIDE/plugins/com.st.stm32cube.ide.mcu.externaltools.gnu-tools-for-stm32.12.3.rel1.win32_1.0.100.202403111256/tools/bin/../lib/gcc/arm-none-eabi/12.3.1/thumb/v7e-m/nofp\libgcc.a(_aeabi_uldivmod.o)
                0x08000178                __aeabi_uldivmod
 .text          0x080001a8      0x2bc C:/ST/STM32CubeIDE_1.15.1/STM32CubeIDE/plugins/com.st.stm32cube.ide.mcu.externaltools.gnu-tools-for-stm32.12.3.rel1.win32_1.0.100.202403111256/tools/bin/../lib/gcc/arm-none-eabi/12.3.1/thumb/v7e-m/nofp\libgcc.a(_udivmoddi4.o)
                0x080001a8                __udivmoddi4
 .text          0x08000464        0x4 C:/ST/STM32CubeIDE_1.15.1/STM32CubeIDE/plugins/com.st.stm32cube.ide.mcu.externaltools.gnu-tools-for-stm32.12.3.rel1.win32_1.0.100.202403111256/tools/bin/../lib/gcc/arm-none-eabi/12.3.1/thumb/v7e-m/nofp\libgcc.a(_dvmd_tls.o)
                0x08000464                __aeabi_idiv0
                0x08000464                __aeabi_ldiv0
 *(.text*)
 .text.LL_AHB2_GRP1_EnableClock
                0x08000468       0x30 ./Core/Src/main.o
 .text.HAL_TIM_PeriodElapsedCallback
                0x08000498       0xa0 ./Core/Src/main.o
                0x08000498                HAL_TIM_PeriodElapsedCallback
 .text.HAL_UART_RxCpltCallback
                0x08000538       0x3c ./Core/Src/main.o
                0x08000538                HAL_UART_RxCpltCallback
 .text.main     0x08000574      0x11c ./Core/Src/main.o
                0x08000574                main
 .text.SystemClock_Config
                0x08000690       0xc0 ./Core/Src/main.o
                0x08000690                SystemClock_Config
 .text.MX_SUBGHZ_Init
                0x08000750       0x24 ./Core/Src/main.o
                0x08000750                MX_SUBGHZ_Init
 .text.MX_TIM1_Init
                0x08000774       0xa8 ./Core/Src/main.o
 .text.MX_USART2_UART_Init
                0x0800081c       0x98 ./Core/Src/main.o
 .text.MX_GPIO_Init
                0x080008b4       0xb4 ./Core/Src/main.o
 .text.DioIrqHndlr
                0x08000968       0x78 ./Core/Src/main.o
                0x08000968                DioIrqHndlr
 .text.Error_Handler
                0x080009e0        0xc ./Core/Src/main.o
                0x080009e0                Error_Handler
 .text.LL_AHB2_GRP1_EnableClock
                0x080009ec       0x30 ./Core/Src/stm32wlxx_hal_msp.o
 .text.LL_APB1_GRP1_EnableClock
                0x08000a1c       0x30 ./Core/Src/stm32wlxx_hal_msp.o
 .text.LL_APB2_GRP1_EnableClock
                0x08000a4c       0x30 ./Core/Src/stm32wlxx_hal_msp.o
 .text.LL_APB3_GRP1_EnableClock
                0x08000a7c       0x30 ./Core/Src/stm32wlxx_hal_msp.o
 .text.HAL_MspInit
                0x08000aac        0xc ./Core/Src/stm32wlxx_hal_msp.o
                0x08000aac                HAL_MspInit
 .text.HAL_SUBGHZ_MspInit
                0x08000ab8       0x26 ./Core/Src/stm32wlxx_hal_msp.o
                0x08000ab8                HAL_SUBGHZ_MspInit
 *fill*         0x08000ade        0x2 
 .text.HAL_TIM_Base_MspInit
                0x08000ae0       0x38 ./Core/Src/stm32wlxx_hal_msp.o
                0x08000ae0                HAL_TIM_Base_MspInit
 .text.HAL_UART_MspInit
                0x08000b18       0x9c ./Core/Src/stm32wlxx_hal_msp.o
                0x08000b18                HAL_UART_MspInit
 .text.NMI_Handler
                0x08000bb4        0x8 ./Core/Src/stm32wlxx_it.o
                0x08000bb4                NMI_Handler
 .text.HardFault_Handler
                0x08000bbc        0x8 ./Core/Src/stm32wlxx_it.o
                0x08000bbc                HardFault_Handler
 .text.MemManage_Handler
                0x08000bc4        0x8 ./Core/Src/stm32wlxx_it.o
                0x08000bc4                MemManage_Handler
 .text.BusFault_Handler
                0x08000bcc        0x8 ./Core/Src/stm32wlxx_it.o
                0x08000bcc                BusFault_Handler
 .text.UsageFault_Handler
                0x08000bd4        0x8 ./Core/Src/stm32wlxx_it.o
                0x08000bd4                UsageFault_Handler
 .text.SVC_Handler
                0x08000bdc        0xc ./Core/Src/stm32wlxx_it.o
                0x08000bdc                SVC_Handler
 .text.DebugMon_Handler
                0x08000be8        0xc ./Core/Src/stm32wlxx_it.o
                0x08000be8                DebugMon_Handler
 .text.PendSV_Handler
                0x08000bf4        0xc ./Core/Src/stm32wlxx_it.o
                0x08000bf4                PendSV_Handler
 .text.SysTick_Handler
                0x08000c00        0xc ./Core/Src/stm32wlxx_it.o
                0x08000c00                SysTick_Handler
 .text.TIM1_UP_IRQHandler
                0x08000c0c       0x14 ./Core/Src/stm32wlxx_it.o
                0x08000c0c                TIM1_UP_IRQHandler
 .text.USART2_IRQHandler
                0x08000c20       0x14 ./Core/Src/stm32wlxx_it.o
                0x08000c20                USART2_IRQHandler
 .text.SUBGHZ_Radio_IRQHandler
                0x08000c34       0x14 ./Core/Src/stm32wlxx_it.o
                0x08000c34                SUBGHZ_Radio_IRQHandler
 .text.SystemApp_Init
                0x08000c48        0xc ./Core/Src/sys_app.o
                0x08000c48                SystemApp_Init
 .text.HAL_GetTick
                0x08000c54       0x28 ./Core/Src/sys_app.o
                0x08000c54                HAL_GetTick
 .text.HAL_Delay
                0x08000c7c       0x18 ./Core/Src/sys_app.o
                0x08000c7c                HAL_Delay
 .text.SystemInit
                0x08000c94        0xc ./Core/Src/system_stm32wlxx.o
                0x08000c94                SystemInit
 .text.TIMER_IF_Init
                0x08000ca0       0x16 ./Core/Src/timer_if.o
                0x08000ca0                TIMER_IF_Init
 .text.TIMER_IF_StartTimer
                0x08000cb6       0x18 ./Core/Src/timer_if.o
                0x08000cb6                TIMER_IF_StartTimer
 .text.TIMER_IF_StopTimer
                0x08000cce       0x16 ./Core/Src/timer_if.o
                0x08000cce                TIMER_IF_StopTimer
 .text.TIMER_IF_SetTimerContext
                0x08000ce4       0x14 ./Core/Src/timer_if.o
                0x08000ce4                TIMER_IF_SetTimerContext
 .text.TIMER_IF_GetTimerContext
                0x08000cf8       0x14 ./Core/Src/timer_if.o
                0x08000cf8                TIMER_IF_GetTimerContext
 .text.TIMER_IF_GetTimerElapsedTime
                0x08000d0c       0x16 ./Core/Src/timer_if.o
                0x08000d0c                TIMER_IF_GetTimerElapsedTime
 .text.TIMER_IF_GetTimerValue
                0x08000d22       0x16 ./Core/Src/timer_if.o
                0x08000d22                TIMER_IF_GetTimerValue
 .text.TIMER_IF_GetMinimumTimeout
                0x08000d38       0x16 ./Core/Src/timer_if.o
                0x08000d38                TIMER_IF_GetMinimumTimeout
 .text.TIMER_IF_Convert_ms2Tick
                0x08000d4e       0x18 ./Core/Src/timer_if.o
                0x08000d4e                TIMER_IF_Convert_ms2Tick
 .text.TIMER_IF_Convert_Tick2ms
                0x08000d66       0x18 ./Core/Src/timer_if.o
                0x08000d66                TIMER_IF_Convert_Tick2ms
 .text.TIMER_IF_DelayMs
                0x08000d7e       0x12 ./Core/Src/timer_if.o
                0x08000d7e                TIMER_IF_DelayMs
 .text.Reset_Handler
                0x08000d90       0x50 ./Core/Startup/startup_stm32wl55jcix.o
                0x08000d90                Reset_Handler
 .text.Default_Handler
                0x08000de0        0x2 ./Core/Startup/startup_stm32wl55jcix.o
                0x08000de0                RTC_Alarm_IRQHandler
                0x08000de0                EXTI2_IRQHandler
                0x08000de0                TIM1_CC_IRQHandler
                0x08000de0                EXTI3_IRQHandler
                0x08000de0                LPTIM2_IRQHandler
                0x08000de0                I2C3_ER_IRQHandler
                0x08000de0                LPTIM3_IRQHandler
                0x08000de0                EXTI0_IRQHandler
                0x08000de0                I2C2_EV_IRQHandler
                0x08000de0                TAMP_STAMP_LSECSS_SSRU_IRQHandler
                0x08000de0                SPI1_IRQHandler
                0x08000de0                DMA2_Channel2_IRQHandler
                0x08000de0                DMA1_Channel4_IRQHandler
                0x08000de0                PKA_IRQHandler
                0x08000de0                TIM17_IRQHandler
                0x08000de0                DMA1_Channel7_IRQHandler
                0x08000de0                SUBGHZSPI_IRQHandler
                0x08000de0                IPCC_C1_TX_IRQHandler
                0x08000de0                DMA2_Channel1_IRQHandler
                0x08000de0                I2C1_EV_IRQHandler
                0x08000de0                DMAMUX1_OVR_IRQHandler
                0x08000de0                DMA1_Channel6_IRQHandler
                0x08000de0                TIM16_IRQHandler
                0x08000de0                DMA2_Channel4_IRQHandler
                0x08000de0                RCC_IRQHandler
                0x08000de0                TIM1_TRG_COM_IRQHandler
                0x08000de0                DMA1_Channel1_IRQHandler
                0x08000de0                Default_Handler
                0x08000de0                DMA2_Channel7_IRQHandler
                0x08000de0                EXTI15_10_IRQHandler
                0x08000de0                IPCC_C1_RX_IRQHandler
                0x08000de0                ADC_IRQHandler
                0x08000de0                C2SEV_PWR_C2H_IRQHandler
                0x08000de0                I2C3_EV_IRQHandler
                0x08000de0                EXTI9_5_IRQHandler
                0x08000de0                RTC_WKUP_IRQHandler
                0x08000de0                PVD_PVM_IRQHandler
                0x08000de0                SPI2_IRQHandler
                0x08000de0                DMA2_Channel5_IRQHandler
                0x08000de0                DMA1_Channel5_IRQHandler
                0x08000de0                EXTI4_IRQHandler
                0x08000de0                RNG_IRQHandler
                0x08000de0                DMA1_Channel3_IRQHandler
                0x08000de0                COMP_IRQHandler
                0x08000de0                HSEM_IRQHandler
                0x08000de0                WWDG_IRQHandler
                0x08000de0                LPUART1_IRQHandler
                0x08000de0                DMA2_Channel6_IRQHandler
                0x08000de0                TIM2_IRQHandler
                0x08000de0                TIM1_BRK_IRQHandler
                0x08000de0                DAC_IRQHandler
                0x08000de0                EXTI1_IRQHandler
                0x08000de0                AES_IRQHandler
                0x08000de0                I2C2_ER_IRQHandler
                0x08000de0                DMA1_Channel2_IRQHandler
                0x08000de0                FLASH_IRQHandler
                0x08000de0                USART1_IRQHandler
                0x08000de0                I2C1_ER_IRQHandler
                0x08000de0                LPTIM1_IRQHandler
                0x08000de0                DMA2_Channel3_IRQHandler
 *fill*         0x08000de2        0x2 
 .text.HAL_Init
                0x08000de4       0x40 ./Drivers/STM32WLxx_HAL_Driver/Src/stm32wlxx_hal.o
                0x08000de4                HAL_Init
 .text.HAL_InitTick
                0x08000e24       0x74 ./Drivers/STM32WLxx_HAL_Driver/Src/stm32wlxx_hal.o
                0x08000e24                HAL_InitTick
 .text.HAL_IncTick
                0x08000e98       0x24 ./Drivers/STM32WLxx_HAL_Driver/Src/stm32wlxx_hal.o
                0x08000e98                HAL_IncTick
 .text.__NVIC_SetPriorityGrouping
                0x08000ebc       0x48 ./Drivers/STM32WLxx_HAL_Driver/Src/stm32wlxx_hal_cortex.o
 .text.__NVIC_GetPriorityGrouping
                0x08000f04       0x1c ./Drivers/STM32WLxx_HAL_Driver/Src/stm32wlxx_hal_cortex.o
 .text.__NVIC_EnableIRQ
                0x08000f20       0x38 ./Drivers/STM32WLxx_HAL_Driver/Src/stm32wlxx_hal_cortex.o
 .text.__NVIC_SetPriority
                0x08000f58       0x54 ./Drivers/STM32WLxx_HAL_Driver/Src/stm32wlxx_hal_cortex.o
 .text.NVIC_EncodePriority
                0x08000fac       0x64 ./Drivers/STM32WLxx_HAL_Driver/Src/stm32wlxx_hal_cortex.o
 .text.SysTick_Config
                0x08001010       0x44 ./Drivers/STM32WLxx_HAL_Driver/Src/stm32wlxx_hal_cortex.o
 .text.HAL_NVIC_SetPriorityGrouping
                0x08001054       0x16 ./Drivers/STM32WLxx_HAL_Driver/Src/stm32wlxx_hal_cortex.o
                0x08001054                HAL_NVIC_SetPriorityGrouping
 .text.HAL_NVIC_SetPriority
                0x0800106a       0x34 ./Drivers/STM32WLxx_HAL_Driver/Src/stm32wlxx_hal_cortex.o
                0x0800106a                HAL_NVIC_SetPriority
 .text.HAL_NVIC_EnableIRQ
                0x0800109e       0x1c ./Drivers/STM32WLxx_HAL_Driver/Src/stm32wlxx_hal_cortex.o
                0x0800109e                HAL_NVIC_EnableIRQ
 .text.HAL_SYSTICK_Config
                0x080010ba       0x18 ./Drivers/STM32WLxx_HAL_Driver/Src/stm32wlxx_hal_cortex.o
                0x080010ba                HAL_SYSTICK_Config
 .text.HAL_DMA_Abort
                0x080010d2       0xbc ./Drivers/STM32WLxx_HAL_Driver/Src/stm32wlxx_hal_dma.o
                0x080010d2                HAL_DMA_Abort
 .text.HAL_DMA_Abort_IT
                0x0800118e       0xbe ./Drivers/STM32WLxx_HAL_Driver/Src/stm32wlxx_hal_dma.o
                0x0800118e                HAL_DMA_Abort_IT
 .text.HAL_GPIO_Init
                0x0800124c      0x2c0 ./Drivers/STM32WLxx_HAL_Driver/Src/stm32wlxx_hal_gpio.o
                0x0800124c                HAL_GPIO_Init
 .text.HAL_GPIO_WritePin
                0x0800150c       0x2e ./Drivers/STM32WLxx_HAL_Driver/Src/stm32wlxx_hal_gpio.o
                0x0800150c                HAL_GPIO_WritePin
 *fill*         0x0800153a        0x2 
 .text.HAL_PWR_EnableBkUpAccess
                0x0800153c       0x1c ./Drivers/STM32WLxx_HAL_Driver/Src/stm32wlxx_hal_pwr.o
                0x0800153c                HAL_PWR_EnableBkUpAccess
 .text.HAL_PWREx_GetVoltageRange
                0x08001558       0x18 ./Drivers/STM32WLxx_HAL_Driver/Src/stm32wlxx_hal_pwr_ex.o
                0x08001558                HAL_PWREx_GetVoltageRange
 .text.LL_PWR_IsEnabledBkUpAccess
                0x08001570       0x24 ./Drivers/STM32WLxx_HAL_Driver/Src/stm32wlxx_hal_rcc.o
 .text.LL_RCC_HSE_EnableTcxo
                0x08001594       0x1c ./Drivers/STM32WLxx_HAL_Driver/Src/stm32wlxx_hal_rcc.o
 .text.LL_RCC_HSE_DisableTcxo
                0x080015b0       0x1c ./Drivers/STM32WLxx_HAL_Driver/Src/stm32wlxx_hal_rcc.o
 .text.LL_RCC_HSE_IsEnabledDiv2
                0x080015cc       0x22 ./Drivers/STM32WLxx_HAL_Driver/Src/stm32wlxx_hal_rcc.o
 .text.LL_RCC_HSE_Enable
                0x080015ee       0x1c ./Drivers/STM32WLxx_HAL_Driver/Src/stm32wlxx_hal_rcc.o
 .text.LL_RCC_HSE_Disable
                0x0800160a       0x1c ./Drivers/STM32WLxx_HAL_Driver/Src/stm32wlxx_hal_rcc.o
 .text.LL_RCC_HSE_IsReady
                0x08001626       0x22 ./Drivers/STM32WLxx_HAL_Driver/Src/stm32wlxx_hal_rcc.o
 .text.LL_RCC_HSI_Enable
                0x08001648       0x1c ./Drivers/STM32WLxx_HAL_Driver/Src/stm32wlxx_hal_rcc.o
 .text.LL_RCC_HSI_Disable
                0x08001664       0x1c ./Drivers/STM32WLxx_HAL_Driver/Src/stm32wlxx_hal_rcc.o
 .text.LL_RCC_HSI_IsReady
                0x08001680       0x22 ./Drivers/STM32WLxx_HAL_Driver/Src/stm32wlxx_hal_rcc.o
 .text.LL_RCC_HSI_SetCalibTrimming
                0x080016a2       0x28 ./Drivers/STM32WLxx_HAL_Driver/Src/stm32wlxx_hal_rcc.o
 .text.LL_RCC_LSE_IsReady
                0x080016ca       0x22 ./Drivers/STM32WLxx_HAL_Driver/Src/stm32wlxx_hal_rcc.o
 .text.LL_RCC_LSI_Enable
                0x080016ec       0x20 ./Drivers/STM32WLxx_HAL_Driver/Src/stm32wlxx_hal_rcc.o
 .text.LL_RCC_LSI_Disable
                0x0800170c       0x20 ./Drivers/STM32WLxx_HAL_Driver/Src/stm32wlxx_hal_rcc.o
 .text.LL_RCC_LSI_IsReady
                0x0800172c       0x22 ./Drivers/STM32WLxx_HAL_Driver/Src/stm32wlxx_hal_rcc.o
 .text.LL_RCC_MSI_Enable
                0x0800174e       0x1c ./Drivers/STM32WLxx_HAL_Driver/Src/stm32wlxx_hal_rcc.o
 .text.LL_RCC_MSI_Disable
                0x0800176a       0x1c ./Drivers/STM32WLxx_HAL_Driver/Src/stm32wlxx_hal_rcc.o
 .text.LL_RCC_MSI_IsReady
                0x08001786       0x20 ./Drivers/STM32WLxx_HAL_Driver/Src/stm32wlxx_hal_rcc.o
 .text.LL_RCC_MSI_IsEnabledRangeSelect
                0x080017a6       0x20 ./Drivers/STM32WLxx_HAL_Driver/Src/stm32wlxx_hal_rcc.o
 .text.LL_RCC_MSI_GetRange
                0x080017c6       0x16 ./Drivers/STM32WLxx_HAL_Driver/Src/stm32wlxx_hal_rcc.o
 .text.LL_RCC_MSI_GetRangeAfterStandby
                0x080017dc       0x18 ./Drivers/STM32WLxx_HAL_Driver/Src/stm32wlxx_hal_rcc.o
 .text.LL_RCC_MSI_SetCalibTrimming
                0x080017f4       0x28 ./Drivers/STM32WLxx_HAL_Driver/Src/stm32wlxx_hal_rcc.o
 .text.LL_RCC_SetSysClkSource
                0x0800181c       0x26 ./Drivers/STM32WLxx_HAL_Driver/Src/stm32wlxx_hal_rcc.o
 .text.LL_RCC_GetSysClkSource
                0x08001842       0x16 ./Drivers/STM32WLxx_HAL_Driver/Src/stm32wlxx_hal_rcc.o
 .text.LL_RCC_SetAHBPrescaler
                0x08001858       0x26 ./Drivers/STM32WLxx_HAL_Driver/Src/stm32wlxx_hal_rcc.o
 .text.LL_C2_RCC_SetAHBPrescaler
                0x0800187e       0x2a ./Drivers/STM32WLxx_HAL_Driver/Src/stm32wlxx_hal_rcc.o
 .text.LL_RCC_SetAHB3Prescaler
                0x080018a8       0x2c ./Drivers/STM32WLxx_HAL_Driver/Src/stm32wlxx_hal_rcc.o
 .text.LL_RCC_SetAPB1Prescaler
                0x080018d4       0x26 ./Drivers/STM32WLxx_HAL_Driver/Src/stm32wlxx_hal_rcc.o
 .text.LL_RCC_SetAPB2Prescaler
                0x080018fa       0x26 ./Drivers/STM32WLxx_HAL_Driver/Src/stm32wlxx_hal_rcc.o
 .text.LL_RCC_GetAHBPrescaler
                0x08001920       0x16 ./Drivers/STM32WLxx_HAL_Driver/Src/stm32wlxx_hal_rcc.o
 .text.LL_RCC_GetAHB3Prescaler
                0x08001936       0x1a ./Drivers/STM32WLxx_HAL_Driver/Src/stm32wlxx_hal_rcc.o
 .text.LL_RCC_GetAPB1Prescaler
                0x08001950       0x16 ./Drivers/STM32WLxx_HAL_Driver/Src/stm32wlxx_hal_rcc.o
 .text.LL_RCC_GetAPB2Prescaler
                0x08001966       0x16 ./Drivers/STM32WLxx_HAL_Driver/Src/stm32wlxx_hal_rcc.o
 .text.LL_RCC_PLL_Enable
                0x0800197c       0x1c ./Drivers/STM32WLxx_HAL_Driver/Src/stm32wlxx_hal_rcc.o
 .text.LL_RCC_PLL_Disable
                0x08001998       0x1c ./Drivers/STM32WLxx_HAL_Driver/Src/stm32wlxx_hal_rcc.o
 .text.LL_RCC_PLL_IsReady
                0x080019b4       0x22 ./Drivers/STM32WLxx_HAL_Driver/Src/stm32wlxx_hal_rcc.o
 .text.LL_RCC_PLL_GetN
                0x080019d6       0x18 ./Drivers/STM32WLxx_HAL_Driver/Src/stm32wlxx_hal_rcc.o
 .text.LL_RCC_PLL_GetR
                0x080019ee       0x16 ./Drivers/STM32WLxx_HAL_Driver/Src/stm32wlxx_hal_rcc.o
 .text.LL_RCC_PLL_GetDivider
                0x08001a04       0x16 ./Drivers/STM32WLxx_HAL_Driver/Src/stm32wlxx_hal_rcc.o
 .text.LL_RCC_PLL_GetMainSource
                0x08001a1a       0x16 ./Drivers/STM32WLxx_HAL_Driver/Src/stm32wlxx_hal_rcc.o
 .text.LL_RCC_IsActiveFlag_HPRE
                0x08001a30       0x22 ./Drivers/STM32WLxx_HAL_Driver/Src/stm32wlxx_hal_rcc.o
 .text.LL_RCC_IsActiveFlag_C2HPRE
                0x08001a52       0x24 ./Drivers/STM32WLxx_HAL_Driver/Src/stm32wlxx_hal_rcc.o
 .text.LL_RCC_IsActiveFlag_SHDHPRE
                0x08001a76       0x24 ./Drivers/STM32WLxx_HAL_Driver/Src/stm32wlxx_hal_rcc.o
 .text.LL_RCC_IsActiveFlag_PPRE1
                0x08001a9a       0x22 ./Drivers/STM32WLxx_HAL_Driver/Src/stm32wlxx_hal_rcc.o
 .text.LL_RCC_IsActiveFlag_PPRE2
                0x08001abc       0x22 ./Drivers/STM32WLxx_HAL_Driver/Src/stm32wlxx_hal_rcc.o
 *fill*         0x08001ade        0x2 
 .text.HAL_RCC_OscConfig
                0x08001ae0      0x704 ./Drivers/STM32WLxx_HAL_Driver/Src/stm32wlxx_hal_rcc.o
                0x08001ae0                HAL_RCC_OscConfig
 .text.HAL_RCC_ClockConfig
                0x080021e4      0x284 ./Drivers/STM32WLxx_HAL_Driver/Src/stm32wlxx_hal_rcc.o
                0x080021e4                HAL_RCC_ClockConfig
 .text.HAL_RCC_GetSysClockFreq
                0x08002468      0x140 ./Drivers/STM32WLxx_HAL_Driver/Src/stm32wlxx_hal_rcc.o
                0x08002468                HAL_RCC_GetSysClockFreq
 .text.HAL_RCC_GetHCLKFreq
                0x080025a8       0x28 ./Drivers/STM32WLxx_HAL_Driver/Src/stm32wlxx_hal_rcc.o
                0x080025a8                HAL_RCC_GetHCLKFreq
 .text.HAL_RCC_GetPCLK1Freq
                0x080025d0       0x24 ./Drivers/STM32WLxx_HAL_Driver/Src/stm32wlxx_hal_rcc.o
                0x080025d0                HAL_RCC_GetPCLK1Freq
 .text.HAL_RCC_GetPCLK2Freq
                0x080025f4       0x24 ./Drivers/STM32WLxx_HAL_Driver/Src/stm32wlxx_hal_rcc.o
                0x080025f4                HAL_RCC_GetPCLK2Freq
 .text.RCC_SetFlashLatencyFromMSIRange
                0x08002618       0x60 ./Drivers/STM32WLxx_HAL_Driver/Src/stm32wlxx_hal_rcc.o
 .text.RCC_SetFlashLatency
                0x08002678      0x104 ./Drivers/STM32WLxx_HAL_Driver/Src/stm32wlxx_hal_rcc.o
 .text.LL_RCC_LSE_IsReady
                0x0800277c       0x22 ./Drivers/STM32WLxx_HAL_Driver/Src/stm32wlxx_hal_rcc_ex.o
 .text.LL_RCC_SetUSARTClockSource
                0x0800279e       0x30 ./Drivers/STM32WLxx_HAL_Driver/Src/stm32wlxx_hal_rcc_ex.o
 .text.LL_RCC_SetI2SClockSource
                0x080027ce       0x2a ./Drivers/STM32WLxx_HAL_Driver/Src/stm32wlxx_hal_rcc_ex.o
 .text.LL_RCC_SetLPUARTClockSource
                0x080027f8       0x2a ./Drivers/STM32WLxx_HAL_Driver/Src/stm32wlxx_hal_rcc_ex.o
 .text.LL_RCC_SetI2CClockSource
                0x08002822       0x38 ./Drivers/STM32WLxx_HAL_Driver/Src/stm32wlxx_hal_rcc_ex.o
 .text.LL_RCC_SetLPTIMClockSource
                0x0800285a       0x32 ./Drivers/STM32WLxx_HAL_Driver/Src/stm32wlxx_hal_rcc_ex.o
 .text.LL_RCC_SetRNGClockSource
                0x0800288c       0x2a ./Drivers/STM32WLxx_HAL_Driver/Src/stm32wlxx_hal_rcc_ex.o
 .text.LL_RCC_SetADCClockSource
                0x080028b6       0x2a ./Drivers/STM32WLxx_HAL_Driver/Src/stm32wlxx_hal_rcc_ex.o
 .text.LL_RCC_SetRTCClockSource
                0x080028e0       0x2a ./Drivers/STM32WLxx_HAL_Driver/Src/stm32wlxx_hal_rcc_ex.o
 .text.LL_RCC_GetRTCClockSource
                0x0800290a       0x18 ./Drivers/STM32WLxx_HAL_Driver/Src/stm32wlxx_hal_rcc_ex.o
 .text.LL_RCC_ForceBackupDomainReset
                0x08002922       0x20 ./Drivers/STM32WLxx_HAL_Driver/Src/stm32wlxx_hal_rcc_ex.o
 .text.LL_RCC_ReleaseBackupDomainReset
                0x08002942       0x20 ./Drivers/STM32WLxx_HAL_Driver/Src/stm32wlxx_hal_rcc_ex.o
 *fill*         0x08002962        0x2 
 .text.HAL_RCCEx_PeriphCLKConfig
                0x08002964      0x234 ./Drivers/STM32WLxx_HAL_Driver/Src/stm32wlxx_hal_rcc_ex.o
                0x08002964                HAL_RCCEx_PeriphCLKConfig
 .text.LL_PWR_SetRadioBusyTrigger
                0x08002b98       0x28 ./Drivers/STM32WLxx_HAL_Driver/Src/stm32wlxx_hal_subghz.o
 .text.LL_PWR_UnselectSUBGHZSPI_NSS
                0x08002bc0       0x20 ./Drivers/STM32WLxx_HAL_Driver/Src/stm32wlxx_hal_subghz.o
 .text.LL_PWR_SelectSUBGHZSPI_NSS
                0x08002be0       0x20 ./Drivers/STM32WLxx_HAL_Driver/Src/stm32wlxx_hal_subghz.o
 .text.LL_PWR_ClearFlag_RFBUSY
                0x08002c00       0x18 ./Drivers/STM32WLxx_HAL_Driver/Src/stm32wlxx_hal_subghz.o
 .text.LL_PWR_IsActiveFlag_RFBUSYS
                0x08002c18       0x24 ./Drivers/STM32WLxx_HAL_Driver/Src/stm32wlxx_hal_subghz.o
 .text.LL_PWR_IsActiveFlag_RFBUSYMS
                0x08002c3c       0x24 ./Drivers/STM32WLxx_HAL_Driver/Src/stm32wlxx_hal_subghz.o
 .text.LL_RCC_RF_DisableReset
                0x08002c60       0x20 ./Drivers/STM32WLxx_HAL_Driver/Src/stm32wlxx_hal_subghz.o
 .text.LL_RCC_IsRFUnderReset
                0x08002c80       0x24 ./Drivers/STM32WLxx_HAL_Driver/Src/stm32wlxx_hal_subghz.o
 .text.LL_EXTI_EnableIT_32_63
                0x08002ca4       0x28 ./Drivers/STM32WLxx_HAL_Driver/Src/stm32wlxx_hal_subghz.o
 .text.HAL_SUBGHZ_Init
                0x08002ccc       0xc8 ./Drivers/STM32WLxx_HAL_Driver/Src/stm32wlxx_hal_subghz.o
                0x08002ccc                HAL_SUBGHZ_Init
 .text.HAL_SUBGHZ_WriteRegisters
                0x08002d94       0xbe ./Drivers/STM32WLxx_HAL_Driver/Src/stm32wlxx_hal_subghz.o
                0x08002d94                HAL_SUBGHZ_WriteRegisters
 .text.HAL_SUBGHZ_ReadRegisters
                0x08002e52       0xc2 ./Drivers/STM32WLxx_HAL_Driver/Src/stm32wlxx_hal_subghz.o
                0x08002e52                HAL_SUBGHZ_ReadRegisters
 .text.HAL_SUBGHZ_ExecSetCmd
                0x08002f14       0xbe ./Drivers/STM32WLxx_HAL_Driver/Src/stm32wlxx_hal_subghz.o
                0x08002f14                HAL_SUBGHZ_ExecSetCmd
 .text.HAL_SUBGHZ_ExecGetCmd
                0x08002fd2       0xa8 ./Drivers/STM32WLxx_HAL_Driver/Src/stm32wlxx_hal_subghz.o
                0x08002fd2                HAL_SUBGHZ_ExecGetCmd
 .text.HAL_SUBGHZ_WriteBuffer
                0x0800307a       0xa6 ./Drivers/STM32WLxx_HAL_Driver/Src/stm32wlxx_hal_subghz.o
                0x0800307a                HAL_SUBGHZ_WriteBuffer
 .text.HAL_SUBGHZ_ReadBuffer
                0x08003120       0xb0 ./Drivers/STM32WLxx_HAL_Driver/Src/stm32wlxx_hal_subghz.o
                0x08003120                HAL_SUBGHZ_ReadBuffer
 .text.HAL_SUBGHZ_IRQHandler
                0x080031d0       0xfa ./Drivers/STM32WLxx_HAL_Driver/Src/stm32wlxx_hal_subghz.o
                0x080031d0                HAL_SUBGHZ_IRQHandler
 *fill*         0x080032ca        0x2 
 .text.SUBGHZSPI_Init
                0x080032cc       0x40 ./Drivers/STM32WLxx_HAL_Driver/Src/stm32wlxx_hal_subghz.o
                0x080032cc                SUBGHZSPI_Init
 .text.SUBGHZSPI_Transmit
                0x0800330c       0xac ./Drivers/STM32WLxx_HAL_Driver/Src/stm32wlxx_hal_subghz.o
                0x0800330c                SUBGHZSPI_Transmit
 .text.SUBGHZSPI_Receive
                0x080033b8       0xb0 ./Drivers/STM32WLxx_HAL_Driver/Src/stm32wlxx_hal_subghz.o
                0x080033b8                SUBGHZSPI_Receive
 .text.SUBGHZ_CheckDeviceReady
                0x08003468       0x48 ./Drivers/STM32WLxx_HAL_Driver/Src/stm32wlxx_hal_subghz.o
                0x08003468                SUBGHZ_CheckDeviceReady
 .text.SUBGHZ_WaitOnBusy
                0x080034b0       0x5c ./Drivers/STM32WLxx_HAL_Driver/Src/stm32wlxx_hal_subghz.o
                0x080034b0                SUBGHZ_WaitOnBusy
 .text.HAL_TIM_Base_Init
                0x0800350c       0xae ./Drivers/STM32WLxx_HAL_Driver/Src/stm32wlxx_hal_tim.o
                0x0800350c                HAL_TIM_Base_Init
 *fill*         0x080035ba        0x2 
 .text.HAL_TIM_Base_Start_IT
                0x080035bc       0x98 ./Drivers/STM32WLxx_HAL_Driver/Src/stm32wlxx_hal_tim.o
                0x080035bc                HAL_TIM_Base_Start_IT
 .text.HAL_TIM_IRQHandler
                0x08003654      0x23e ./Drivers/STM32WLxx_HAL_Driver/Src/stm32wlxx_hal_tim.o
                0x08003654                HAL_TIM_IRQHandler
 .text.HAL_TIM_ConfigClockSource
                0x08003892      0x192 ./Drivers/STM32WLxx_HAL_Driver/Src/stm32wlxx_hal_tim.o
                0x08003892                HAL_TIM_ConfigClockSource
 .text.HAL_TIM_OC_DelayElapsedCallback
                0x08003a24       0x12 ./Drivers/STM32WLxx_HAL_Driver/Src/stm32wlxx_hal_tim.o
                0x08003a24                HAL_TIM_OC_DelayElapsedCallback
 .text.HAL_TIM_IC_CaptureCallback
                0x08003a36       0x12 ./Drivers/STM32WLxx_HAL_Driver/Src/stm32wlxx_hal_tim.o
                0x08003a36                HAL_TIM_IC_CaptureCallback
 .text.HAL_TIM_PWM_PulseFinishedCallback
                0x08003a48       0x12 ./Drivers/STM32WLxx_HAL_Driver/Src/stm32wlxx_hal_tim.o
                0x08003a48                HAL_TIM_PWM_PulseFinishedCallback
 .text.HAL_TIM_TriggerCallback
                0x08003a5a       0x12 ./Drivers/STM32WLxx_HAL_Driver/Src/stm32wlxx_hal_tim.o
                0x08003a5a                HAL_TIM_TriggerCallback
 .text.TIM_Base_SetConfig
                0x08003a6c       0xc4 ./Drivers/STM32WLxx_HAL_Driver/Src/stm32wlxx_hal_tim.o
                0x08003a6c                TIM_Base_SetConfig
 .text.TIM_TI1_ConfigInputStage
                0x08003b30       0x5c ./Drivers/STM32WLxx_HAL_Driver/Src/stm32wlxx_hal_tim.o
 .text.TIM_TI2_ConfigInputStage
                0x08003b8c       0x5e ./Drivers/STM32WLxx_HAL_Driver/Src/stm32wlxx_hal_tim.o
 .text.TIM_ITRx_SetConfig
                0x08003bea       0x38 ./Drivers/STM32WLxx_HAL_Driver/Src/stm32wlxx_hal_tim.o
 .text.TIM_ETR_SetConfig
                0x08003c22       0x3e ./Drivers/STM32WLxx_HAL_Driver/Src/stm32wlxx_hal_tim.o
                0x08003c22                TIM_ETR_SetConfig
 .text.HAL_TIMEx_MasterConfigSynchronization
                0x08003c60       0xbc ./Drivers/STM32WLxx_HAL_Driver/Src/stm32wlxx_hal_tim_ex.o
                0x08003c60                HAL_TIMEx_MasterConfigSynchronization
 .text.HAL_TIMEx_CommutCallback
                0x08003d1c       0x12 ./Drivers/STM32WLxx_HAL_Driver/Src/stm32wlxx_hal_tim_ex.o
                0x08003d1c                HAL_TIMEx_CommutCallback
 .text.HAL_TIMEx_BreakCallback
                0x08003d2e       0x12 ./Drivers/STM32WLxx_HAL_Driver/Src/stm32wlxx_hal_tim_ex.o
                0x08003d2e                HAL_TIMEx_BreakCallback
 .text.HAL_TIMEx_Break2Callback
                0x08003d40       0x12 ./Drivers/STM32WLxx_HAL_Driver/Src/stm32wlxx_hal_tim_ex.o
                0x08003d40                HAL_TIMEx_Break2Callback
 .text.LL_RCC_GetUSARTClockSource
                0x08003d52       0x24 ./Drivers/STM32WLxx_HAL_Driver/Src/stm32wlxx_hal_uart.o
 .text.LL_RCC_GetLPUARTClockSource
                0x08003d76       0x1e ./Drivers/STM32WLxx_HAL_Driver/Src/stm32wlxx_hal_uart.o
 .text.HAL_UART_Init
                0x08003d94       0xa0 ./Drivers/STM32WLxx_HAL_Driver/Src/stm32wlxx_hal_uart.o
                0x08003d94                HAL_UART_Init
 .text.HAL_UART_Transmit
                0x08003e34      0x10c ./Drivers/STM32WLxx_HAL_Driver/Src/stm32wlxx_hal_uart.o
                0x08003e34                HAL_UART_Transmit
 .text.HAL_UART_Receive_IT
                0x08003f40       0x98 ./Drivers/STM32WLxx_HAL_Driver/Src/stm32wlxx_hal_uart.o
                0x08003f40                HAL_UART_Receive_IT
 .text.HAL_UART_IRQHandler
                0x08003fd8      0x648 ./Drivers/STM32WLxx_HAL_Driver/Src/stm32wlxx_hal_uart.o
                0x08003fd8                HAL_UART_IRQHandler
 .text.HAL_UART_TxCpltCallback
                0x08004620       0x12 ./Drivers/STM32WLxx_HAL_Driver/Src/stm32wlxx_hal_uart.o
                0x08004620                HAL_UART_TxCpltCallback
 .text.HAL_UART_ErrorCallback
                0x08004632       0x12 ./Drivers/STM32WLxx_HAL_Driver/Src/stm32wlxx_hal_uart.o
                0x08004632                HAL_UART_ErrorCallback
 .text.HAL_UARTEx_RxEventCallback
                0x08004644       0x16 ./Drivers/STM32WLxx_HAL_Driver/Src/stm32wlxx_hal_uart.o
                0x08004644                HAL_UARTEx_RxEventCallback
 *fill*         0x0800465a        0x2 
 .text.UART_SetConfig
                0x0800465c      0x4e8 ./Drivers/STM32WLxx_HAL_Driver/Src/stm32wlxx_hal_uart.o
                0x0800465c                UART_SetConfig
 .text.UART_AdvFeatureConfig
                0x08004b44      0x142 ./Drivers/STM32WLxx_HAL_Driver/Src/stm32wlxx_hal_uart.o
                0x08004b44                UART_AdvFeatureConfig
 .text.UART_CheckIdleState
                0x08004c86       0x9c ./Drivers/STM32WLxx_HAL_Driver/Src/stm32wlxx_hal_uart.o
                0x08004c86                UART_CheckIdleState
 .text.UART_WaitOnFlagUntilTimeout
                0x08004d22      0x190 ./Drivers/STM32WLxx_HAL_Driver/Src/stm32wlxx_hal_uart.o
                0x08004d22                UART_WaitOnFlagUntilTimeout
 *fill*         0x08004eb2        0x2 
 .text.UART_Start_Receive_IT
                0x08004eb4      0x240 ./Drivers/STM32WLxx_HAL_Driver/Src/stm32wlxx_hal_uart.o
                0x08004eb4                UART_Start_Receive_IT
 .text.UART_EndRxTransfer
                0x080050f4       0xca ./Drivers/STM32WLxx_HAL_Driver/Src/stm32wlxx_hal_uart.o
 .text.UART_DMAAbortOnError
                0x080051be       0x2c ./Drivers/STM32WLxx_HAL_Driver/Src/stm32wlxx_hal_uart.o
 .text.UART_EndTransmit_IT
                0x080051ea       0x56 ./Drivers/STM32WLxx_HAL_Driver/Src/stm32wlxx_hal_uart.o
 .text.UART_RxISR_8BIT
                0x08005240      0x1b8 ./Drivers/STM32WLxx_HAL_Driver/Src/stm32wlxx_hal_uart.o
 .text.UART_RxISR_16BIT
                0x080053f8      0x1b8 ./Drivers/STM32WLxx_HAL_Driver/Src/stm32wlxx_hal_uart.o
 .text.UART_RxISR_8BIT_FIFOEN
                0x080055b0      0x360 ./Drivers/STM32WLxx_HAL_Driver/Src/stm32wlxx_hal_uart.o
 .text.UART_RxISR_16BIT_FIFOEN
                0x08005910      0x368 ./Drivers/STM32WLxx_HAL_Driver/Src/stm32wlxx_hal_uart.o
 .text.HAL_UARTEx_WakeupCallback
                0x08005c78       0x12 ./Drivers/STM32WLxx_HAL_Driver/Src/stm32wlxx_hal_uart_ex.o
                0x08005c78                HAL_UARTEx_WakeupCallback
 .text.HAL_UARTEx_RxFifoFullCallback
                0x08005c8a       0x12 ./Drivers/STM32WLxx_HAL_Driver/Src/stm32wlxx_hal_uart_ex.o
                0x08005c8a                HAL_UARTEx_RxFifoFullCallback
 .text.HAL_UARTEx_TxFifoEmptyCallback
                0x08005c9c       0x12 ./Drivers/STM32WLxx_HAL_Driver/Src/stm32wlxx_hal_uart_ex.o
                0x08005c9c                HAL_UARTEx_TxFifoEmptyCallback
 .text.HAL_UARTEx_DisableFifoMode
                0x08005cae       0x70 ./Drivers/STM32WLxx_HAL_Driver/Src/stm32wlxx_hal_uart_ex.o
                0x08005cae                HAL_UARTEx_DisableFifoMode
 .text.HAL_UARTEx_SetTxFifoThreshold
                0x08005d1e       0x7c ./Drivers/STM32WLxx_HAL_Driver/Src/stm32wlxx_hal_uart_ex.o
                0x08005d1e                HAL_UARTEx_SetTxFifoThreshold
 .text.HAL_UARTEx_SetRxFifoThreshold
                0x08005d9a       0x7c ./Drivers/STM32WLxx_HAL_Driver/Src/stm32wlxx_hal_uart_ex.o
                0x08005d9a                HAL_UARTEx_SetRxFifoThreshold
 *fill*         0x08005e16        0x2 
 .text.UARTEx_SetNbDataToProcess
                0x08005e18       0x98 ./Drivers/STM32WLxx_HAL_Driver/Src/stm32wlxx_hal_uart_ex.o
 .text.RadioInit
                0x08005eb0       0xb8 ./Middlewares/Third_Party/SubGHz_Phy/stm32_radio_driver/radio.o
 .text.RadioGetStatus
                0x08005f68       0x2e ./Middlewares/Third_Party/SubGHz_Phy/stm32_radio_driver/radio.o
 *fill*         0x08005f96        0x2 
 .text.RadioSetModem
                0x08005f98       0xb8 ./Middlewares/Third_Party/SubGHz_Phy/stm32_radio_driver/radio.o
 .text.RadioSetChannel
                0x08006050       0x16 ./Middlewares/Third_Party/SubGHz_Phy/stm32_radio_driver/radio.o
 .text.RadioIsChannelFree
                0x08006066       0xb4 ./Middlewares/Third_Party/SubGHz_Phy/stm32_radio_driver/radio.o
 .text.RadioRandom
                0x0800611a       0x26 ./Middlewares/Third_Party/SubGHz_Phy/stm32_radio_driver/radio.o
 .text.RadioSetRxConfig
                0x08006140      0x418 ./Middlewares/Third_Party/SubGHz_Phy/stm32_radio_driver/radio.o
 .text.RadioSetTxConfig
                0x08006558      0x224 ./Middlewares/Third_Party/SubGHz_Phy/stm32_radio_driver/radio.o
 .text.RadioCheckRfFrequency
                0x0800677c       0x14 ./Middlewares/Third_Party/SubGHz_Phy/stm32_radio_driver/radio.o
 .text.RadioGetLoRaBandwidthInHz
                0x08006790       0xac ./Middlewares/Third_Party/SubGHz_Phy/stm32_radio_driver/radio.o
 .text.RadioGetGfskTimeOnAirNumerator
                0x0800683c       0x54 ./Middlewares/Third_Party/SubGHz_Phy/stm32_radio_driver/radio.o
 .text.RadioGetLoRaTimeOnAirNumerator
                0x08006890      0x102 ./Middlewares/Third_Party/SubGHz_Phy/stm32_radio_driver/radio.o
 *fill*         0x08006992        0x2 
 .text.RadioTimeOnAir
                0x08006994       0xb0 ./Middlewares/Third_Party/SubGHz_Phy/stm32_radio_driver/radio.o
 .text.RadioSend
                0x08006a44      0x1f0 ./Middlewares/Third_Party/SubGHz_Phy/stm32_radio_driver/radio.o
 .text.RadioSleep
                0x08006c34       0x26 ./Middlewares/Third_Party/SubGHz_Phy/stm32_radio_driver/radio.o
 .text.RadioStandby
                0x08006c5a        0xe ./Middlewares/Third_Party/SubGHz_Phy/stm32_radio_driver/radio.o
 .text.RadioRx  0x08006c68       0x80 ./Middlewares/Third_Party/SubGHz_Phy/stm32_radio_driver/radio.o
 .text.RadioRxBoosted
                0x08006ce8       0x80 ./Middlewares/Third_Party/SubGHz_Phy/stm32_radio_driver/radio.o
 .text.RadioSetRxDutyCycle
                0x08006d68       0x48 ./Middlewares/Third_Party/SubGHz_Phy/stm32_radio_driver/radio.o
 .text.RadioStartCad
                0x08006db0       0x30 ./Middlewares/Third_Party/SubGHz_Phy/stm32_radio_driver/radio.o
 .text.RadioSetTxContinuousWave
                0x08006de0       0x64 ./Middlewares/Third_Party/SubGHz_Phy/stm32_radio_driver/radio.o
 .text.RadioRssi
                0x08006e44       0x18 ./Middlewares/Third_Party/SubGHz_Phy/stm32_radio_driver/radio.o
 .text.RadioWrite
                0x08006e5c       0x24 ./Middlewares/Third_Party/SubGHz_Phy/stm32_radio_driver/radio.o
 .text.RadioRead
                0x08006e80       0x1c ./Middlewares/Third_Party/SubGHz_Phy/stm32_radio_driver/radio.o
 .text.RadioWriteRegisters
                0x08006e9c       0x26 ./Middlewares/Third_Party/SubGHz_Phy/stm32_radio_driver/radio.o
 .text.RadioReadRegisters
                0x08006ec2       0x26 ./Middlewares/Third_Party/SubGHz_Phy/stm32_radio_driver/radio.o
 .text.RadioSetMaxPayloadLength
                0x08006ee8       0x5c ./Middlewares/Third_Party/SubGHz_Phy/stm32_radio_driver/radio.o
 .text.RadioSetPublicNetwork
                0x08006f44       0x5c ./Middlewares/Third_Party/SubGHz_Phy/stm32_radio_driver/radio.o
 .text.RadioGetWakeupTime
                0x08006fa0       0x10 ./Middlewares/Third_Party/SubGHz_Phy/stm32_radio_driver/radio.o
 .text.RadioOnTxTimeoutIrq
                0x08006fb0       0x14 ./Middlewares/Third_Party/SubGHz_Phy/stm32_radio_driver/radio.o
 .text.RadioOnRxTimeoutIrq
                0x08006fc4       0x14 ./Middlewares/Third_Party/SubGHz_Phy/stm32_radio_driver/radio.o
 .text.RadioOnTxTimeoutProcess
                0x08006fd8       0x28 ./Middlewares/Third_Party/SubGHz_Phy/stm32_radio_driver/radio.o
 .text.RadioOnRxTimeoutProcess
                0x08007000       0x28 ./Middlewares/Third_Party/SubGHz_Phy/stm32_radio_driver/radio.o
 .text.RadioOnDioIrq
                0x08007028       0x24 ./Middlewares/Third_Party/SubGHz_Phy/stm32_radio_driver/radio.o
 .text.RadioIrqProcess
                0x0800704c      0x3e8 ./Middlewares/Third_Party/SubGHz_Phy/stm32_radio_driver/radio.o
 .text.RadioTxPrbs
                0x08007434       0x38 ./Middlewares/Third_Party/SubGHz_Phy/stm32_radio_driver/radio.o
 .text.RadioTxCw
                0x0800746c       0x38 ./Middlewares/Third_Party/SubGHz_Phy/stm32_radio_driver/radio.o
 .text.payload_integration
                0x080074a4      0x120 ./Middlewares/Third_Party/SubGHz_Phy/stm32_radio_driver/radio.o
 .text.RadioSetRxGenericConfig
                0x080075c4      0x388 ./Middlewares/Third_Party/SubGHz_Phy/stm32_radio_driver/radio.o
 .text.RadioSetTxGenericConfig
                0x0800794c      0x46c ./Middlewares/Third_Party/SubGHz_Phy/stm32_radio_driver/radio.o
 .text.RadioLrFhssSetCfg
                0x08007db8       0x18 ./Middlewares/Third_Party/SubGHz_Phy/stm32_radio_driver/radio.o
 .text.RadioLrFhssGetTimeOnAirInMs
                0x08007dd0       0x16 ./Middlewares/Third_Party/SubGHz_Phy/stm32_radio_driver/radio.o
 *fill*         0x08007de6        0x2 
 .text.SUBGRF_Init
                0x08007de8       0x90 ./Middlewares/Third_Party/SubGHz_Phy/stm32_radio_driver/radio_driver.o
                0x08007de8                SUBGRF_Init
 .text.SUBGRF_GetOperatingMode
                0x08007e78       0x14 ./Middlewares/Third_Party/SubGHz_Phy/stm32_radio_driver/radio_driver.o
                0x08007e78                SUBGRF_GetOperatingMode
 .text.SUBGRF_SetPayload
                0x08007e8c       0x20 ./Middlewares/Third_Party/SubGHz_Phy/stm32_radio_driver/radio_driver.o
                0x08007e8c                SUBGRF_SetPayload
 .text.SUBGRF_GetPayload
                0x08007eac       0x44 ./Middlewares/Third_Party/SubGHz_Phy/stm32_radio_driver/radio_driver.o
                0x08007eac                SUBGRF_GetPayload
 .text.SUBGRF_SendPayload
                0x08007ef0       0x26 ./Middlewares/Third_Party/SubGHz_Phy/stm32_radio_driver/radio_driver.o
                0x08007ef0                SUBGRF_SendPayload
 .text.SUBGRF_SetSyncWord
                0x08007f16       0x1e ./Middlewares/Third_Party/SubGHz_Phy/stm32_radio_driver/radio_driver.o
                0x08007f16                SUBGRF_SetSyncWord
 .text.SUBGRF_SetCrcSeed
                0x08007f34       0x40 ./Middlewares/Third_Party/SubGHz_Phy/stm32_radio_driver/radio_driver.o
                0x08007f34                SUBGRF_SetCrcSeed
 .text.SUBGRF_SetCrcPolynomial
                0x08007f74       0x40 ./Middlewares/Third_Party/SubGHz_Phy/stm32_radio_driver/radio_driver.o
                0x08007f74                SUBGRF_SetCrcPolynomial
 .text.SUBGRF_SetWhiteningSeed
                0x08007fb4       0x66 ./Middlewares/Third_Party/SubGHz_Phy/stm32_radio_driver/radio_driver.o
                0x08007fb4                SUBGRF_SetWhiteningSeed
 .text.SUBGRF_GetRandom
                0x0800801a       0x8c ./Middlewares/Third_Party/SubGHz_Phy/stm32_radio_driver/radio_driver.o
                0x0800801a                SUBGRF_GetRandom
 *fill*         0x080080a6        0x2 
 .text.SUBGRF_SetSleep
                0x080080a8       0x64 ./Middlewares/Third_Party/SubGHz_Phy/stm32_radio_driver/radio_driver.o
                0x080080a8                SUBGRF_SetSleep
 .text.SUBGRF_SetStandby
                0x0800810c       0x38 ./Middlewares/Third_Party/SubGHz_Phy/stm32_radio_driver/radio_driver.o
                0x0800810c                SUBGRF_SetStandby
 .text.SUBGRF_SetTx
                0x08008144       0x40 ./Middlewares/Third_Party/SubGHz_Phy/stm32_radio_driver/radio_driver.o
                0x08008144                SUBGRF_SetTx
 .text.SUBGRF_SetRx
                0x08008184       0x40 ./Middlewares/Third_Party/SubGHz_Phy/stm32_radio_driver/radio_driver.o
                0x08008184                SUBGRF_SetRx
 .text.SUBGRF_SetRxBoosted
                0x080081c4       0x48 ./Middlewares/Third_Party/SubGHz_Phy/stm32_radio_driver/radio_driver.o
                0x080081c4                SUBGRF_SetRxBoosted
 .text.SUBGRF_SetRxDutyCycle
                0x0800820c       0x58 ./Middlewares/Third_Party/SubGHz_Phy/stm32_radio_driver/radio_driver.o
                0x0800820c                SUBGRF_SetRxDutyCycle
 .text.SUBGRF_SetCad
                0x08008264       0x1c ./Middlewares/Third_Party/SubGHz_Phy/stm32_radio_driver/radio_driver.o
                0x08008264                SUBGRF_SetCad
 .text.SUBGRF_SetTxContinuousWave
                0x08008280       0x12 ./Middlewares/Third_Party/SubGHz_Phy/stm32_radio_driver/radio_driver.o
                0x08008280                SUBGRF_SetTxContinuousWave
 .text.SUBGRF_SetTxInfinitePreamble
                0x08008292       0x12 ./Middlewares/Third_Party/SubGHz_Phy/stm32_radio_driver/radio_driver.o
                0x08008292                SUBGRF_SetTxInfinitePreamble
 .text.SUBGRF_SetStopRxTimerOnPreambleDetect
                0x080082a4       0x1e ./Middlewares/Third_Party/SubGHz_Phy/stm32_radio_driver/radio_driver.o
                0x080082a4                SUBGRF_SetStopRxTimerOnPreambleDetect
 .text.SUBGRF_SetLoRaSymbNumTimeout
                0x080082c2       0x5e ./Middlewares/Third_Party/SubGHz_Phy/stm32_radio_driver/radio_driver.o
                0x080082c2                SUBGRF_SetLoRaSymbNumTimeout
 .text.SUBGRF_SetRegulatorMode
                0x08008320       0x2e ./Middlewares/Third_Party/SubGHz_Phy/stm32_radio_driver/radio_driver.o
                0x08008320                SUBGRF_SetRegulatorMode
 .text.SUBGRF_Calibrate
                0x0800834e       0x8c ./Middlewares/Third_Party/SubGHz_Phy/stm32_radio_driver/radio_driver.o
                0x0800834e                SUBGRF_Calibrate
 *fill*         0x080083da        0x2 
 .text.SUBGRF_CalibrateImage
                0x080083dc       0x94 ./Middlewares/Third_Party/SubGHz_Phy/stm32_radio_driver/radio_driver.o
                0x080083dc                SUBGRF_CalibrateImage
 .text.SUBGRF_SetPaConfig
                0x08008470       0x44 ./Middlewares/Third_Party/SubGHz_Phy/stm32_radio_driver/radio_driver.o
                0x08008470                SUBGRF_SetPaConfig
 .text.SUBGRF_SetDioIrqParams
                0x080084b4       0x74 ./Middlewares/Third_Party/SubGHz_Phy/stm32_radio_driver/radio_driver.o
                0x080084b4                SUBGRF_SetDioIrqParams
 .text.SUBGRF_SetTcxoMode
                0x08008528       0x42 ./Middlewares/Third_Party/SubGHz_Phy/stm32_radio_driver/radio_driver.o
                0x08008528                SUBGRF_SetTcxoMode
 *fill*         0x0800856a        0x2 
 .text.SUBGRF_SetRfFrequency
                0x0800856c       0x8c ./Middlewares/Third_Party/SubGHz_Phy/stm32_radio_driver/radio_driver.o
                0x0800856c                SUBGRF_SetRfFrequency
 .text.SUBGRF_SetPacketType
                0x080085f8       0x38 ./Middlewares/Third_Party/SubGHz_Phy/stm32_radio_driver/radio_driver.o
                0x080085f8                SUBGRF_SetPacketType
 .text.SUBGRF_GetPacketType
                0x08008630       0x14 ./Middlewares/Third_Party/SubGHz_Phy/stm32_radio_driver/radio_driver.o
                0x08008630                SUBGRF_GetPacketType
 .text.SUBGRF_SetTxParams
                0x08008644      0x19a ./Middlewares/Third_Party/SubGHz_Phy/stm32_radio_driver/radio_driver.o
                0x08008644                SUBGRF_SetTxParams
 *fill*         0x080087de        0x2 
 .text.SUBGRF_SetModulationParams
                0x080087e0      0x1a4 ./Middlewares/Third_Party/SubGHz_Phy/stm32_radio_driver/radio_driver.o
                0x080087e0                SUBGRF_SetModulationParams
 .text.SUBGRF_SetPacketParams
                0x08008984      0x13c ./Middlewares/Third_Party/SubGHz_Phy/stm32_radio_driver/radio_driver.o
                0x08008984                SUBGRF_SetPacketParams
 .text.SUBGRF_SetBufferBaseAddress
                0x08008ac0       0x2e ./Middlewares/Third_Party/SubGHz_Phy/stm32_radio_driver/radio_driver.o
                0x08008ac0                SUBGRF_SetBufferBaseAddress
 .text.SUBGRF_GetRssiInst
                0x08008aee       0x2a ./Middlewares/Third_Party/SubGHz_Phy/stm32_radio_driver/radio_driver.o
                0x08008aee                SUBGRF_GetRssiInst
 .text.SUBGRF_GetRxBufferStatus
                0x08008b18       0x58 ./Middlewares/Third_Party/SubGHz_Phy/stm32_radio_driver/radio_driver.o
                0x08008b18                SUBGRF_GetRxBufferStatus
 .text.SUBGRF_GetPacketStatus
                0x08008b70       0xa4 ./Middlewares/Third_Party/SubGHz_Phy/stm32_radio_driver/radio_driver.o
                0x08008b70                SUBGRF_GetPacketStatus
 .text.SUBGRF_WriteRegister
                0x08008c14       0x28 ./Middlewares/Third_Party/SubGHz_Phy/stm32_radio_driver/radio_driver.o
                0x08008c14                SUBGRF_WriteRegister
 .text.SUBGRF_ReadRegister
                0x08008c3c       0x28 ./Middlewares/Third_Party/SubGHz_Phy/stm32_radio_driver/radio_driver.o
                0x08008c3c                SUBGRF_ReadRegister
 .text.SUBGRF_WriteRegisters
                0x08008c64       0x44 ./Middlewares/Third_Party/SubGHz_Phy/stm32_radio_driver/radio_driver.o
                0x08008c64                SUBGRF_WriteRegisters
 .text.SUBGRF_ReadRegisters
                0x08008ca8       0x44 ./Middlewares/Third_Party/SubGHz_Phy/stm32_radio_driver/radio_driver.o
                0x08008ca8                SUBGRF_ReadRegisters
 .text.SUBGRF_WriteBuffer
                0x08008cec       0x44 ./Middlewares/Third_Party/SubGHz_Phy/stm32_radio_driver/radio_driver.o
                0x08008cec                SUBGRF_WriteBuffer
 .text.SUBGRF_ReadBuffer
                0x08008d30       0x44 ./Middlewares/Third_Party/SubGHz_Phy/stm32_radio_driver/radio_driver.o
                0x08008d30                SUBGRF_ReadBuffer
 .text.SUBGRF_WriteCommand
                0x08008d74       0x44 ./Middlewares/Third_Party/SubGHz_Phy/stm32_radio_driver/radio_driver.o
                0x08008d74                SUBGRF_WriteCommand
 .text.SUBGRF_ReadCommand
                0x08008db8       0x44 ./Middlewares/Third_Party/SubGHz_Phy/stm32_radio_driver/radio_driver.o
                0x08008db8                SUBGRF_ReadCommand
 .text.SUBGRF_SetSwitch
                0x08008dfc       0x50 ./Middlewares/Third_Party/SubGHz_Phy/stm32_radio_driver/radio_driver.o
                0x08008dfc                SUBGRF_SetSwitch
 .text.SUBGRF_SetRfTxPower
                0x08008e4c       0x68 ./Middlewares/Third_Party/SubGHz_Phy/stm32_radio_driver/radio_driver.o
                0x08008e4c                SUBGRF_SetRfTxPower
 .text.SUBGRF_GetRadioWakeUpTime
                0x08008eb4        0xe ./Middlewares/Third_Party/SubGHz_Phy/stm32_radio_driver/radio_driver.o
                0x08008eb4                SUBGRF_GetRadioWakeUpTime
 *fill*         0x08008ec2        0x2 
 .text.HAL_SUBGHZ_TxCpltCallback
                0x08008ec4       0x1c ./Middlewares/Third_Party/SubGHz_Phy/stm32_radio_driver/radio_driver.o
                0x08008ec4                HAL_SUBGHZ_TxCpltCallback
 .text.HAL_SUBGHZ_RxCpltCallback
                0x08008ee0       0x1c ./Middlewares/Third_Party/SubGHz_Phy/stm32_radio_driver/radio_driver.o
                0x08008ee0                HAL_SUBGHZ_RxCpltCallback
 .text.HAL_SUBGHZ_CRCErrorCallback
                0x08008efc       0x1c ./Middlewares/Third_Party/SubGHz_Phy/stm32_radio_driver/radio_driver.o
                0x08008efc                HAL_SUBGHZ_CRCErrorCallback
 .text.HAL_SUBGHZ_CADStatusCallback
                0x08008f18       0x3c ./Middlewares/Third_Party/SubGHz_Phy/stm32_radio_driver/radio_driver.o
                0x08008f18                HAL_SUBGHZ_CADStatusCallback
 .text.HAL_SUBGHZ_RxTxTimeoutCallback
                0x08008f54       0x20 ./Middlewares/Third_Party/SubGHz_Phy/stm32_radio_driver/radio_driver.o
                0x08008f54                HAL_SUBGHZ_RxTxTimeoutCallback
 .text.HAL_SUBGHZ_HeaderErrorCallback
                0x08008f74       0x1c ./Middlewares/Third_Party/SubGHz_Phy/stm32_radio_driver/radio_driver.o
                0x08008f74                HAL_SUBGHZ_HeaderErrorCallback
 .text.HAL_SUBGHZ_PreambleDetectedCallback
                0x08008f90       0x1c ./Middlewares/Third_Party/SubGHz_Phy/stm32_radio_driver/radio_driver.o
                0x08008f90                HAL_SUBGHZ_PreambleDetectedCallback
 .text.HAL_SUBGHZ_SyncWordValidCallback
                0x08008fac       0x1c ./Middlewares/Third_Party/SubGHz_Phy/stm32_radio_driver/radio_driver.o
                0x08008fac                HAL_SUBGHZ_SyncWordValidCallback
 .text.HAL_SUBGHZ_HeaderValidCallback
                0x08008fc8       0x1c ./Middlewares/Third_Party/SubGHz_Phy/stm32_radio_driver/radio_driver.o
                0x08008fc8                HAL_SUBGHZ_HeaderValidCallback
 .text.HAL_SUBGHZ_LrFhssHopCallback
                0x08008fe4       0x20 ./Middlewares/Third_Party/SubGHz_Phy/stm32_radio_driver/radio_driver.o
                0x08008fe4                HAL_SUBGHZ_LrFhssHopCallback
 .text.Radio_SMPS_Set
                0x08009004       0x42 ./Middlewares/Third_Party/SubGHz_Phy/stm32_radio_driver/radio_driver.o
 *fill*         0x08009046        0x2 
 .text.SUBGRF_GetFskBandwidthRegValue
                0x08009048       0x50 ./Middlewares/Third_Party/SubGHz_Phy/stm32_radio_driver/radio_driver.o
                0x08009048                SUBGRF_GetFskBandwidthRegValue
 .text.SUBGRF_GetCFO
                0x08009098       0xe8 ./Middlewares/Third_Party/SubGHz_Phy/stm32_radio_driver/radio_driver.o
                0x08009098                SUBGRF_GetCFO
 .text.RFW_TransmitLongPacket
                0x08009180       0x24 ./Middlewares/Third_Party/SubGHz_Phy/stm32_radio_driver/radio_fw.o
                0x08009180                RFW_TransmitLongPacket
 .text.RFW_ReceiveLongPacket
                0x080091a4       0x24 ./Middlewares/Third_Party/SubGHz_Phy/stm32_radio_driver/radio_fw.o
                0x080091a4                RFW_ReceiveLongPacket
 .text.RFW_Init
                0x080091c8       0x1a ./Middlewares/Third_Party/SubGHz_Phy/stm32_radio_driver/radio_fw.o
                0x080091c8                RFW_Init
 .text.RFW_DeInit
                0x080091e2        0xc ./Middlewares/Third_Party/SubGHz_Phy/stm32_radio_driver/radio_fw.o
                0x080091e2                RFW_DeInit
 .text.RFW_Is_Init
                0x080091ee        0xe ./Middlewares/Third_Party/SubGHz_Phy/stm32_radio_driver/radio_fw.o
                0x080091ee                RFW_Is_Init
 .text.RFW_Is_LongPacketModeEnabled
                0x080091fc        0xe ./Middlewares/Third_Party/SubGHz_Phy/stm32_radio_driver/radio_fw.o
                0x080091fc                RFW_Is_LongPacketModeEnabled
 .text.RFW_SetAntSwitch
                0x0800920a       0x14 ./Middlewares/Third_Party/SubGHz_Phy/stm32_radio_driver/radio_fw.o
                0x0800920a                RFW_SetAntSwitch
 .text.RFW_TransmitInit
                0x0800921e       0x20 ./Middlewares/Third_Party/SubGHz_Phy/stm32_radio_driver/radio_fw.o
                0x0800921e                RFW_TransmitInit
 .text.RFW_ReceiveInit
                0x0800923e       0x10 ./Middlewares/Third_Party/SubGHz_Phy/stm32_radio_driver/radio_fw.o
                0x0800923e                RFW_ReceiveInit
 .text.RFW_DeInit_TxLongPacket
                0x0800924e        0xc ./Middlewares/Third_Party/SubGHz_Phy/stm32_radio_driver/radio_fw.o
                0x0800924e                RFW_DeInit_TxLongPacket
 .text.RFW_ReceivePayload
                0x0800925a        0xc ./Middlewares/Third_Party/SubGHz_Phy/stm32_radio_driver/radio_fw.o
                0x0800925a                RFW_ReceivePayload
 .text.RFW_SetRadioModem
                0x08009266       0x14 ./Middlewares/Third_Party/SubGHz_Phy/stm32_radio_driver/radio_fw.o
                0x08009266                RFW_SetRadioModem
 .text.MX_SubGHz_Phy_Init
                0x0800927a       0x10 ./SubGHz_Phy/App/app_subghz_phy.o
                0x0800927a                MX_SubGHz_Phy_Init
 .text.MX_SubGHz_Phy_Process
                0x0800928a        0xc ./SubGHz_Phy/App/app_subghz_phy.o
                0x0800928a                MX_SubGHz_Phy_Process
 *fill*         0x08009296        0x2 
 .text.SubghzApp_Init
                0x08009298       0x4c ./SubGHz_Phy/App/subghz_phy_app.o
                0x08009298                SubghzApp_Init
 .text.OnTxDone
                0x080092e4        0xc ./SubGHz_Phy/App/subghz_phy_app.o
 .text.OnRxDone
                0x080092f0       0x24 ./SubGHz_Phy/App/subghz_phy_app.o
 .text.OnTxTimeout
                0x08009314        0xc ./SubGHz_Phy/App/subghz_phy_app.o
 .text.OnRxTimeout
                0x08009320        0xc ./SubGHz_Phy/App/subghz_phy_app.o
 .text.OnRxError
                0x0800932c        0xc ./SubGHz_Phy/App/subghz_phy_app.o
 .text.LL_AHB2_GRP1_EnableClock
                0x08009338       0x30 ./SubGHz_Phy/Target/radio_board_if.o
 .text.RBI_Init
                0x08009368       0x80 ./SubGHz_Phy/Target/radio_board_if.o
                0x08009368                RBI_Init
 .text.RBI_ConfigRFSwitch
                0x080093e8       0xbc ./SubGHz_Phy/Target/radio_board_if.o
                0x080093e8                RBI_ConfigRFSwitch
 .text.RBI_GetTxConfig
                0x080094a4       0x16 ./SubGHz_Phy/Target/radio_board_if.o
                0x080094a4                RBI_GetTxConfig
 .text.RBI_IsTCXO
                0x080094ba       0x16 ./SubGHz_Phy/Target/radio_board_if.o
                0x080094ba                RBI_IsTCXO
 .text.RBI_IsDCDC
                0x080094d0       0x16 ./SubGHz_Phy/Target/radio_board_if.o
                0x080094d0                RBI_IsDCDC
 .text.RBI_GetRFOMaxPowerConfig
                0x080094e6       0x2a ./SubGHz_Phy/Target/radio_board_if.o
                0x080094e6                RBI_GetRFOMaxPowerConfig
 .text.UTIL_MEM_cpy_8
                0x08009510       0x3e ./Utilities/misc/stm32_mem.o
                0x08009510                UTIL_MEM_cpy_8
 .text.UTIL_MEM_set_8
                0x0800954e       0x36 ./Utilities/misc/stm32_mem.o
                0x0800954e                UTIL_MEM_set_8
 .text.UTIL_TIMER_Create
                0x08009584       0x6c ./Utilities/timer/stm32_timer.o
                0x08009584                UTIL_TIMER_Create
 .text.UTIL_TIMER_Start
                0x080095f0       0xdc ./Utilities/timer/stm32_timer.o
                0x080095f0                UTIL_TIMER_Start
 .text.UTIL_TIMER_Stop
                0x080096cc       0xe0 ./Utilities/timer/stm32_timer.o
                0x080096cc                UTIL_TIMER_Stop
 .text.UTIL_TIMER_SetPeriod
                0x080097ac       0x54 ./Utilities/timer/stm32_timer.o
                0x080097ac                UTIL_TIMER_SetPeriod
 .text.UTIL_TIMER_GetCurrentTime
                0x08009800       0x24 ./Utilities/timer/stm32_timer.o
                0x08009800                UTIL_TIMER_GetCurrentTime
 .text.UTIL_TIMER_GetElapsedTime
                0x08009824       0x38 ./Utilities/timer/stm32_timer.o
                0x08009824                UTIL_TIMER_GetElapsedTime
 .text.TimerExists
                0x0800985c       0x38 ./Utilities/timer/stm32_timer.o
                0x0800985c                TimerExists
 .text.TimerSetTimeout
                0x08009894       0x54 ./Utilities/timer/stm32_timer.o
                0x08009894                TimerSetTimeout
 .text.TimerInsertTimer
                0x080098e8       0x60 ./Utilities/timer/stm32_timer.o
                0x080098e8                TimerInsertTimer
 .text.TimerInsertNewHeadTimer
                0x08009948       0x3c ./Utilities/timer/stm32_timer.o
                0x08009948                TimerInsertNewHeadTimer
 .text.memset   0x08009984       0x10 C:/ST/STM32CubeIDE_1.15.1/STM32CubeIDE/plugins/com.st.stm32cube.ide.mcu.externaltools.gnu-tools-for-stm32.12.3.rel1.win32_1.0.100.202403111256/tools/bin/../lib/gcc/arm-none-eabi/12.3.1/../../../../arm-none-eabi/lib/thumb/v7e-m/nofp\libc_nano.a(libc_a-memset.o)
                0x08009984                memset
 .text.__libc_init_array
                0x08009994       0x48 C:/ST/STM32CubeIDE_1.15.1/STM32CubeIDE/plugins/com.st.stm32cube.ide.mcu.externaltools.gnu-tools-for-stm32.12.3.rel1.win32_1.0.100.202403111256/tools/bin/../lib/gcc/arm-none-eabi/12.3.1/../../../../arm-none-eabi/lib/thumb/v7e-m/nofp\libc_nano.a(libc_a-init.o)
                0x08009994                __libc_init_array
 *(.glue_7)
 .glue_7        0x080099dc        0x0 linker stubs
 *(.glue_7t)
 .glue_7t       0x080099dc        0x0 linker stubs
 *(.eh_frame)
 .eh_frame      0x080099dc        0x0 C:/ST/STM32CubeIDE_1.15.1/STM32CubeIDE/plugins/com.st.stm32cube.ide.mcu.externaltools.gnu-tools-for-stm32.12.3.rel1.win32_1.0.100.202403111256/tools/bin/../lib/gcc/arm-none-eabi/12.3.1/thumb/v7e-m/nofp/crtbegin.o
 *(.init)
 .init          0x080099dc        0x4 C:/ST/STM32CubeIDE_1.15.1/STM32CubeIDE/plugins/com.st.stm32cube.ide.mcu.externaltools.gnu-tools-for-stm32.12.3.rel1.win32_1.0.100.202403111256/tools/bin/../lib/gcc/arm-none-eabi/12.3.1/thumb/v7e-m/nofp/crti.o
                0x080099dc                _init
 .init          0x080099e0        0x8 C:/ST/STM32CubeIDE_1.15.1/STM32CubeIDE/plugins/com.st.stm32cube.ide.mcu.externaltools.gnu-tools-for-stm32.12.3.rel1.win32_1.0.100.202403111256/tools/bin/../lib/gcc/arm-none-eabi/12.3.1/thumb/v7e-m/nofp/crtn.o
 *(.fini)
 .fini          0x080099e8        0x4 C:/ST/STM32CubeIDE_1.15.1/STM32CubeIDE/plugins/com.st.stm32cube.ide.mcu.externaltools.gnu-tools-for-stm32.12.3.rel1.win32_1.0.100.202403111256/tools/bin/../lib/gcc/arm-none-eabi/12.3.1/thumb/v7e-m/nofp/crti.o
                0x080099e8                _fini
 .fini          0x080099ec        0x8 C:/ST/STM32CubeIDE_1.15.1/STM32CubeIDE/plugins/com.st.stm32cube.ide.mcu.externaltools.gnu-tools-for-stm32.12.3.rel1.win32_1.0.100.202403111256/tools/bin/../lib/gcc/arm-none-eabi/12.3.1/thumb/v7e-m/nofp/crtn.o
                0x080099f4                        . = ALIGN (0x4)
                0x080099f4                        _etext = .

.vfp11_veneer   0x080099f4        0x0
 .vfp11_veneer  0x080099f4        0x0 linker stubs

.v4_bx          0x080099f4        0x0
 .v4_bx         0x080099f4        0x0 linker stubs

.iplt           0x080099f4        0x0
 .iplt          0x080099f4        0x0 C:/ST/STM32CubeIDE_1.15.1/STM32CubeIDE/plugins/com.st.stm32cube.ide.mcu.externaltools.gnu-tools-for-stm32.12.3.rel1.win32_1.0.100.202403111256/tools/bin/../lib/gcc/arm-none-eabi/12.3.1/thumb/v7e-m/nofp/crtbegin.o

.rodata         0x080099f4      0x27c
                0x080099f4                        . = ALIGN (0x4)
 *(.rodata)
 .rodata        0x080099f4        0x8 ./Core/Src/main.o
 .rodata        0x080099fc       0x1c ./Drivers/STM32WLxx_HAL_Driver/Src/stm32wlxx_hal_rcc.o
 .rodata        0x08009a18       0x10 ./Middlewares/Third_Party/SubGHz_Phy/stm32_radio_driver/radio.o
 .rodata        0x08009a28       0x11 ./Middlewares/Third_Party/SubGHz_Phy/stm32_radio_driver/radio_driver.o
 *(.rodata*)
 *fill*         0x08009a39        0x3 
 .rodata.AHBPrescTable
                0x08009a3c       0x40 ./Core/Src/system_stm32wlxx.o
                0x08009a3c                AHBPrescTable
 .rodata.APBPrescTable
                0x08009a7c       0x20 ./Core/Src/system_stm32wlxx.o
                0x08009a7c                APBPrescTable
 .rodata.MSIRangeTable
                0x08009a9c       0x40 ./Core/Src/system_stm32wlxx.o
                0x08009a9c                MSIRangeTable
 .rodata.UTIL_TimerDriver
                0x08009adc       0x2c ./Core/Src/timer_if.o
                0x08009adc                UTIL_TimerDriver
 .rodata.UARTPrescTable
                0x08009b08       0x18 ./Drivers/STM32WLxx_HAL_Driver/Src/stm32wlxx_hal_uart.o
                0x08009b08                UARTPrescTable
 .rodata.numerator.1
                0x08009b20        0x8 ./Drivers/STM32WLxx_HAL_Driver/Src/stm32wlxx_hal_uart_ex.o
 .rodata.denominator.0
                0x08009b28        0x8 ./Drivers/STM32WLxx_HAL_Driver/Src/stm32wlxx_hal_uart_ex.o
 .rodata.Radio  0x08009b30       0x8c ./Middlewares/Third_Party/SubGHz_Phy/stm32_radio_driver/radio.o
                0x08009b30                Radio
 .rodata.Bandwidths
                0x08009bbc        0x3 ./Middlewares/Third_Party/SubGHz_Phy/stm32_radio_driver/radio.o
                0x08009bbc                Bandwidths
 *fill*         0x08009bbf        0x1 
 .rodata.FskBandwidths
                0x08009bc0       0xb0 ./Middlewares/Third_Party/SubGHz_Phy/stm32_radio_driver/radio_driver.o
                0x08009c70                        . = ALIGN (0x4)

.ARM.extab      0x08009c70        0x0
                0x08009c70                        . = ALIGN (0x4)
 *(.ARM.extab* .gnu.linkonce.armextab.*)
                0x08009c70                        . = ALIGN (0x4)

.ARM            0x08009c70        0x8
                0x08009c70                        . = ALIGN (0x4)
                0x08009c70                        __exidx_start = .
 *(.ARM.exidx*)
 .ARM.exidx     0x08009c70        0x8 C:/ST/STM32CubeIDE_1.15.1/STM32CubeIDE/plugins/com.st.stm32cube.ide.mcu.externaltools.gnu-tools-for-stm32.12.3.rel1.win32_1.0.100.202403111256/tools/bin/../lib/gcc/arm-none-eabi/12.3.1/thumb/v7e-m/nofp\libgcc.a(_udivmoddi4.o)
                0x08009c78                        __exidx_end = .
                0x08009c78                        . = ALIGN (0x4)

.preinit_array  0x08009c78        0x0
                0x08009c78                        . = ALIGN (0x4)
                0x08009c78                        PROVIDE (__preinit_array_start = .)
 *(.preinit_array*)
                0x08009c78                        PROVIDE (__preinit_array_end = .)
                0x08009c78                        . = ALIGN (0x4)

.init_array     0x08009c78        0x4
                0x08009c78                        . = ALIGN (0x4)
                0x08009c78                        PROVIDE (__init_array_start = .)
 *(SORT_BY_NAME(.init_array.*))
 *(.init_array*)
 .init_array    0x08009c78        0x4 C:/ST/STM32CubeIDE_1.15.1/STM32CubeIDE/plugins/com.st.stm32cube.ide.mcu.externaltools.gnu-tools-for-stm32.12.3.rel1.win32_1.0.100.202403111256/tools/bin/../lib/gcc/arm-none-eabi/12.3.1/thumb/v7e-m/nofp/crtbegin.o
                0x08009c7c                        PROVIDE (__init_array_end = .)
                0x08009c7c                        . = ALIGN (0x4)

.fini_array     0x08009c7c        0x4
                0x08009c7c                        . = ALIGN (0x4)
                [!provide]                        PROVIDE (__fini_array_start = .)
 *(SORT_BY_NAME(.fini_array.*))
 *(.fini_array*)
 .fini_array    0x08009c7c        0x4 C:/ST/STM32CubeIDE_1.15.1/STM32CubeIDE/plugins/com.st.stm32cube.ide.mcu.externaltools.gnu-tools-for-stm32.12.3.rel1.win32_1.0.100.202403111256/tools/bin/../lib/gcc/arm-none-eabi/12.3.1/thumb/v7e-m/nofp/crtbegin.o
                [!provide]                        PROVIDE (__fini_array_end = .)
                0x08009c80                        . = ALIGN (0x4)
                0x08009c80                        _sidata = LOADADDR (.data)

.rel.dyn        0x08009c80        0x0
 .rel.iplt      0x08009c80        0x0 C:/ST/STM32CubeIDE_1.15.1/STM32CubeIDE/plugins/com.st.stm32cube.ide.mcu.externaltools.gnu-tools-for-stm32.12.3.rel1.win32_1.0.100.202403111256/tools/bin/../lib/gcc/arm-none-eabi/12.3.1/thumb/v7e-m/nofp/crtbegin.o

.data           0x20000000       0x10 load address 0x08009c80
                0x20000000                        . = ALIGN (0x4)
                0x20000000                        _sdata = .
 *(.data)
 *(.data*)
 .data.pLen     0x20000000        0x1 ./Core/Src/main.o
                0x20000000                pLen
 *fill*         0x20000001        0x3 
 .data.SystemCoreClock
                0x20000004        0x4 ./Core/Src/system_stm32wlxx.o
                0x20000004                SystemCoreClock
 .data.uwTickPrio
                0x20000008        0x4 ./Drivers/STM32WLxx_HAL_Driver/Src/stm32wlxx_hal.o
                0x20000008                uwTickPrio
 .data.uwTickFreq
                0x2000000c        0x1 ./Drivers/STM32WLxx_HAL_Driver/Src/stm32wlxx_hal.o
                0x2000000c                uwTickFreq
 .data.MaxPayloadLength
                0x2000000d        0x1 ./Middlewares/Third_Party/SubGHz_Phy/stm32_radio_driver/radio.o
 *(.RamFunc)
 *(.RamFunc*)
                0x20000010                        . = ALIGN (0x4)
 *fill*         0x2000000e        0x2 
                0x20000010                        _edata = .

.igot.plt       0x20000010        0x0 load address 0x08009c90
 .igot.plt      0x20000010        0x0 C:/ST/STM32CubeIDE_1.15.1/STM32CubeIDE/plugins/com.st.stm32cube.ide.mcu.externaltools.gnu-tools-for-stm32.12.3.rel1.win32_1.0.100.202403111256/tools/bin/../lib/gcc/arm-none-eabi/12.3.1/thumb/v7e-m/nofp/crtbegin.o
                0x20000010                        . = ALIGN (0x4)

.bss            0x20000010      0x324 load address 0x08009c90
                0x20000010                        _sbss = .
                0x20000010                        __bss_start__ = _sbss
 *(.bss)
 .bss           0x20000010       0x1c C:/ST/STM32CubeIDE_1.15.1/STM32CubeIDE/plugins/com.st.stm32cube.ide.mcu.externaltools.gnu-tools-for-stm32.12.3.rel1.win32_1.0.100.202403111256/tools/bin/../lib/gcc/arm-none-eabi/12.3.1/thumb/v7e-m/nofp/crtbegin.o
 *(.bss*)
 .bss.pkt_params
                0x2000002c       0x14 ./Core/Src/main.o
                0x2000002c                pkt_params
 .bss.mod_params
                0x20000040       0x1c ./Core/Src/main.o
                0x20000040                mod_params
 .bss.hsubghz   0x2000005c        0xc ./Core/Src/main.o
                0x2000005c                hsubghz
 .bss.htim1     0x20000068       0x4c ./Core/Src/main.o
                0x20000068                htim1
 .bss.huart2    0x200000b4       0x94 ./Core/Src/main.o
                0x200000b4                huart2
 .bss.mSEC      0x20000148        0x4 ./Core/Src/main.o
                0x20000148                mSEC
 .bss.sec       0x2000014c        0x4 ./Core/Src/main.o
                0x2000014c                sec
 .bss.min       0x20000150        0x1 ./Core/Src/main.o
                0x20000150                min
 .bss.hour      0x20000151        0x1 ./Core/Src/main.o
                0x20000151                hour
 *fill*         0x20000152        0x2 
 .bss.rx_buffer
                0x20000154        0x5 ./Core/Src/main.o
                0x20000154                rx_buffer
 *fill*         0x20000159        0x3 
 .bss.main_cmd  0x2000015c        0x5 ./Core/Src/main.o
                0x2000015c                main_cmd
 *fill*         0x20000161        0x3 
 .bss.i         0x20000164        0x4 ./Core/Src/main.o
                0x20000164                i
 .bss.SYS_TimerInitialisedFlag
                0x20000168        0x1 ./Core/Src/sys_app.o
 *fill*         0x20000169        0x3 
 .bss.RtcTimerContext
                0x2000016c        0x4 ./Core/Src/timer_if.o
 .bss.uwTick    0x20000170        0x4 ./Drivers/STM32WLxx_HAL_Driver/Src/stm32wlxx_hal.o
                0x20000170                uwTick
 .bss.RadioBuffer
                0x20000174       0xff ./Middlewares/Third_Party/SubGHz_Phy/stm32_radio_driver/radio.o
 *fill*         0x20000273        0x1 
 .bss.RadioEvents
                0x20000274        0x4 ./Middlewares/Third_Party/SubGHz_Phy/stm32_radio_driver/radio.o
 .bss.SubgRf    0x20000278       0x5c ./Middlewares/Third_Party/SubGHz_Phy/stm32_radio_driver/radio.o
                0x20000278                SubgRf
 .bss.TxTimeoutTimer
                0x200002d4       0x18 ./Middlewares/Third_Party/SubGHz_Phy/stm32_radio_driver/radio.o
                0x200002d4                TxTimeoutTimer
 .bss.RxTimeoutTimer
                0x200002ec       0x18 ./Middlewares/Third_Party/SubGHz_Phy/stm32_radio_driver/radio.o
                0x200002ec                RxTimeoutTimer
 .bss.OperatingMode
                0x20000304        0x1 ./Middlewares/Third_Party/SubGHz_Phy/stm32_radio_driver/radio_driver.o
 .bss.PacketType
                0x20000305        0x1 ./Middlewares/Third_Party/SubGHz_Phy/stm32_radio_driver/radio_driver.o
 .bss.LoRaHeaderType
                0x20000306        0x1 ./Middlewares/Third_Party/SubGHz_Phy/stm32_radio_driver/radio_driver.o
 *fill*         0x20000307        0x1 
 .bss.FrequencyError
                0x20000308        0x4 ./Middlewares/Third_Party/SubGHz_Phy/stm32_radio_driver/radio_driver.o
                0x20000308                FrequencyError
 .bss.ImageCalibrated
                0x2000030c        0x1 ./Middlewares/Third_Party/SubGHz_Phy/stm32_radio_driver/radio_driver.o
 *fill*         0x2000030d        0x3 
 .bss.RadioOnDioIrqCb
                0x20000310        0x4 ./Middlewares/Third_Party/SubGHz_Phy/stm32_radio_driver/radio_driver.o
 .bss.RadioEvents
                0x20000314       0x1c ./SubGHz_Phy/App/subghz_phy_app.o
 .bss.TimerListHead
                0x20000330        0x4 ./Utilities/timer/stm32_timer.o
 *(COMMON)
                0x20000334                        . = ALIGN (0x4)
                0x20000334                        _ebss = .
                0x20000334                        __bss_end__ = _ebss

._user_heap_stack
                0x20000334      0x604 load address 0x08009c90
                0x20000338                        . = ALIGN (0x8)
 *fill*         0x20000334        0x4 
                [!provide]                        PROVIDE (end = .)
                0x20000338                        PROVIDE (_end = .)
                0x20000538                        . = (. + _Min_Heap_Size)
 *fill*         0x20000338      0x200 
                0x20000938                        . = (. + _Min_Stack_Size)
 *fill*         0x20000538      0x400 
                0x20000938                        . = ALIGN (0x8)

/DISCARD/
 libc.a(*)
 libm.a(*)
 libgcc.a(*)

.ARM.attributes
                0x00000000       0x2a
 *(.ARM.attributes)
 .ARM.attributes
                0x00000000       0x1e C:/ST/STM32CubeIDE_1.15.1/STM32CubeIDE/plugins/com.st.stm32cube.ide.mcu.externaltools.gnu-tools-for-stm32.12.3.rel1.win32_1.0.100.202403111256/tools/bin/../lib/gcc/arm-none-eabi/12.3.1/thumb/v7e-m/nofp/crti.o
 .ARM.attributes
                0x0000001e       0x2e C:/ST/STM32CubeIDE_1.15.1/STM32CubeIDE/plugins/com.st.stm32cube.ide.mcu.externaltools.gnu-tools-for-stm32.12.3.rel1.win32_1.0.100.202403111256/tools/bin/../lib/gcc/arm-none-eabi/12.3.1/thumb/v7e-m/nofp/crtbegin.o
 .ARM.attributes
                0x0000004c       0x2e ./Core/Src/main.o
 .ARM.attributes
                0x0000007a       0x2e ./Core/Src/stm32wlxx_hal_msp.o
 .ARM.attributes
                0x000000a8       0x2e ./Core/Src/stm32wlxx_it.o
 .ARM.attributes
                0x000000d6       0x2e ./Core/Src/sys_app.o
 .ARM.attributes
                0x00000104       0x2e ./Core/Src/system_stm32wlxx.o
 .ARM.attributes
                0x00000132       0x2e ./Core/Src/timer_if.o
 .ARM.attributes
                0x00000160       0x21 ./Core/Startup/startup_stm32wl55jcix.o
 .ARM.attributes
                0x00000181       0x2e ./Drivers/STM32WLxx_HAL_Driver/Src/stm32wlxx_hal.o
 .ARM.attributes
                0x000001af       0x2e ./Drivers/STM32WLxx_HAL_Driver/Src/stm32wlxx_hal_cortex.o
 .ARM.attributes
                0x000001dd       0x2e ./Drivers/STM32WLxx_HAL_Driver/Src/stm32wlxx_hal_dma.o
 .ARM.attributes
                0x0000020b       0x2e ./Drivers/STM32WLxx_HAL_Driver/Src/stm32wlxx_hal_gpio.o
 .ARM.attributes
                0x00000239       0x2e ./Drivers/STM32WLxx_HAL_Driver/Src/stm32wlxx_hal_pwr.o
 .ARM.attributes
                0x00000267       0x2e ./Drivers/STM32WLxx_HAL_Driver/Src/stm32wlxx_hal_pwr_ex.o
 .ARM.attributes
                0x00000295       0x2e ./Drivers/STM32WLxx_HAL_Driver/Src/stm32wlxx_hal_rcc.o
 .ARM.attributes
                0x000002c3       0x2e ./Drivers/STM32WLxx_HAL_Driver/Src/stm32wlxx_hal_rcc_ex.o
 .ARM.attributes
                0x000002f1       0x2e ./Drivers/STM32WLxx_HAL_Driver/Src/stm32wlxx_hal_subghz.o
 .ARM.attributes
                0x0000031f       0x2e ./Drivers/STM32WLxx_HAL_Driver/Src/stm32wlxx_hal_tim.o
 .ARM.attributes
                0x0000034d       0x2e ./Drivers/STM32WLxx_HAL_Driver/Src/stm32wlxx_hal_tim_ex.o
 .ARM.attributes
                0x0000037b       0x2e ./Drivers/STM32WLxx_HAL_Driver/Src/stm32wlxx_hal_uart.o
 .ARM.attributes
                0x000003a9       0x2e ./Drivers/STM32WLxx_HAL_Driver/Src/stm32wlxx_hal_uart_ex.o
 .ARM.attributes
                0x000003d7       0x2e ./Middlewares/Third_Party/SubGHz_Phy/stm32_radio_driver/radio.o
 .ARM.attributes
                0x00000405       0x2e ./Middlewares/Third_Party/SubGHz_Phy/stm32_radio_driver/radio_driver.o
 .ARM.attributes
                0x00000433       0x2e ./Middlewares/Third_Party/SubGHz_Phy/stm32_radio_driver/radio_fw.o
 .ARM.attributes
                0x00000461       0x2e ./SubGHz_Phy/App/app_subghz_phy.o
 .ARM.attributes
                0x0000048f       0x2e ./SubGHz_Phy/App/subghz_phy_app.o
 .ARM.attributes
                0x000004bd       0x2e ./SubGHz_Phy/Target/radio_board_if.o
 .ARM.attributes
                0x000004eb       0x2e ./Utilities/misc/stm32_mem.o
 .ARM.attributes
                0x00000519       0x2e ./Utilities/timer/stm32_timer.o
 .ARM.attributes
                0x00000547       0x2e C:/ST/STM32CubeIDE_1.15.1/STM32CubeIDE/plugins/com.st.stm32cube.ide.mcu.externaltools.gnu-tools-for-stm32.12.3.rel1.win32_1.0.100.202403111256/tools/bin/../lib/gcc/arm-none-eabi/12.3.1/../../../../arm-none-eabi/lib/thumb/v7e-m/nofp\libc_nano.a(libc_a-memset.o)
 .ARM.attributes
                0x00000575       0x2e C:/ST/STM32CubeIDE_1.15.1/STM32CubeIDE/plugins/com.st.stm32cube.ide.mcu.externaltools.gnu-tools-for-stm32.12.3.rel1.win32_1.0.100.202403111256/tools/bin/../lib/gcc/arm-none-eabi/12.3.1/../../../../arm-none-eabi/lib/thumb/v7e-m/nofp\libc_nano.a(libc_a-init.o)
 .ARM.attributes
                0x000005a3       0x1e C:/ST/STM32CubeIDE_1.15.1/STM32CubeIDE/plugins/com.st.stm32cube.ide.mcu.externaltools.gnu-tools-for-stm32.12.3.rel1.win32_1.0.100.202403111256/tools/bin/../lib/gcc/arm-none-eabi/12.3.1/thumb/v7e-m/nofp\libgcc.a(_aeabi_uldivmod.o)
 .ARM.attributes
                0x000005c1       0x2e C:/ST/STM32CubeIDE_1.15.1/STM32CubeIDE/plugins/com.st.stm32cube.ide.mcu.externaltools.gnu-tools-for-stm32.12.3.rel1.win32_1.0.100.202403111256/tools/bin/../lib/gcc/arm-none-eabi/12.3.1/thumb/v7e-m/nofp\libgcc.a(_udivmoddi4.o)
 .ARM.attributes
                0x000005ef       0x1e C:/ST/STM32CubeIDE_1.15.1/STM32CubeIDE/plugins/com.st.stm32cube.ide.mcu.externaltools.gnu-tools-for-stm32.12.3.rel1.win32_1.0.100.202403111256/tools/bin/../lib/gcc/arm-none-eabi/12.3.1/thumb/v7e-m/nofp\libgcc.a(_dvmd_tls.o)
 .ARM.attributes
                0x0000060d       0x1e C:/ST/STM32CubeIDE_1.15.1/STM32CubeIDE/plugins/com.st.stm32cube.ide.mcu.externaltools.gnu-tools-for-stm32.12.3.rel1.win32_1.0.100.202403111256/tools/bin/../lib/gcc/arm-none-eabi/12.3.1/thumb/v7e-m/nofp/crtn.o
OUTPUT(First_Demo.elf elf32-littlearm)
LOAD linker stubs
LOAD C:/ST/STM32CubeIDE_1.15.1/STM32CubeIDE/plugins/com.st.stm32cube.ide.mcu.externaltools.gnu-tools-for-stm32.12.3.rel1.win32_1.0.100.202403111256/tools/bin/../lib/gcc/arm-none-eabi/12.3.1/../../../../arm-none-eabi/lib/thumb/v7e-m/nofp\libc.a
LOAD C:/ST/STM32CubeIDE_1.15.1/STM32CubeIDE/plugins/com.st.stm32cube.ide.mcu.externaltools.gnu-tools-for-stm32.12.3.rel1.win32_1.0.100.202403111256/tools/bin/../lib/gcc/arm-none-eabi/12.3.1/../../../../arm-none-eabi/lib/thumb/v7e-m/nofp\libm.a
LOAD C:/ST/STM32CubeIDE_1.15.1/STM32CubeIDE/plugins/com.st.stm32cube.ide.mcu.externaltools.gnu-tools-for-stm32.12.3.rel1.win32_1.0.100.202403111256/tools/bin/../lib/gcc/arm-none-eabi/12.3.1/thumb/v7e-m/nofp\libgcc.a

.debug_info     0x00000000    0x1e919
 .debug_info    0x00000000     0x2185 ./Core/Src/main.o
 .debug_info    0x00002185     0x15fa ./Core/Src/stm32wlxx_hal_msp.o
 .debug_info    0x0000377f      0xd17 ./Core/Src/stm32wlxx_it.o
 .debug_info    0x00004496      0x172 ./Core/Src/sys_app.o
 .debug_info    0x00004608      0x515 ./Core/Src/system_stm32wlxx.o
 .debug_info    0x00004b1d      0x51a ./Core/Src/timer_if.o
 .debug_info    0x00005037       0x30 ./Core/Startup/startup_stm32wl55jcix.o
 .debug_info    0x00005067     0x1165 ./Drivers/STM32WLxx_HAL_Driver/Src/stm32wlxx_hal.o
 .debug_info    0x000061cc      0xced ./Drivers/STM32WLxx_HAL_Driver/Src/stm32wlxx_hal_cortex.o
 .debug_info    0x00006eb9      0x91a ./Drivers/STM32WLxx_HAL_Driver/Src/stm32wlxx_hal_dma.o
 .debug_info    0x000077d3      0x708 ./Drivers/STM32WLxx_HAL_Driver/Src/stm32wlxx_hal_gpio.o
 .debug_info    0x00007edb      0x8e8 ./Drivers/STM32WLxx_HAL_Driver/Src/stm32wlxx_hal_pwr.o
 .debug_info    0x000087c3      0xde7 ./Drivers/STM32WLxx_HAL_Driver/Src/stm32wlxx_hal_pwr_ex.o
 .debug_info    0x000095aa     0x13ef ./Drivers/STM32WLxx_HAL_Driver/Src/stm32wlxx_hal_rcc.o
 .debug_info    0x0000a999      0xf21 ./Drivers/STM32WLxx_HAL_Driver/Src/stm32wlxx_hal_rcc_ex.o
 .debug_info    0x0000b8ba     0x138d ./Drivers/STM32WLxx_HAL_Driver/Src/stm32wlxx_hal_subghz.o
 .debug_info    0x0000cc47     0x2be1 ./Drivers/STM32WLxx_HAL_Driver/Src/stm32wlxx_hal_tim.o
 .debug_info    0x0000f828     0x18e0 ./Drivers/STM32WLxx_HAL_Driver/Src/stm32wlxx_hal_tim_ex.o
 .debug_info    0x00011108     0x4a83 ./Drivers/STM32WLxx_HAL_Driver/Src/stm32wlxx_hal_uart.o
 .debug_info    0x00015b8b      0xffa ./Drivers/STM32WLxx_HAL_Driver/Src/stm32wlxx_hal_uart_ex.o
 .debug_info    0x00016b85     0x2bf8 ./Middlewares/Third_Party/SubGHz_Phy/stm32_radio_driver/radio.o
 .debug_info    0x0001977d     0x21ce ./Middlewares/Third_Party/SubGHz_Phy/stm32_radio_driver/radio_driver.o
 .debug_info    0x0001b94b      0xc40 ./Middlewares/Third_Party/SubGHz_Phy/stm32_radio_driver/radio_fw.o
 .debug_info    0x0001c58b       0xa3 ./SubGHz_Phy/App/app_subghz_phy.o
 .debug_info    0x0001c62e     0x1122 ./SubGHz_Phy/App/subghz_phy_app.o
 .debug_info    0x0001d750      0x7a0 ./SubGHz_Phy/Target/radio_board_if.o
 .debug_info    0x0001def0      0x1bd ./Utilities/misc/stm32_mem.o
 .debug_info    0x0001e0ad      0x86c ./Utilities/timer/stm32_timer.o

.debug_abbrev   0x00000000     0x4058
 .debug_abbrev  0x00000000      0x374 ./Core/Src/main.o
 .debug_abbrev  0x00000374      0x250 ./Core/Src/stm32wlxx_hal_msp.o
 .debug_abbrev  0x000005c4      0x1ab ./Core/Src/stm32wlxx_it.o
 .debug_abbrev  0x0000076f      0x110 ./Core/Src/sys_app.o
 .debug_abbrev  0x0000087f      0x13e ./Core/Src/system_stm32wlxx.o
 .debug_abbrev  0x000009bd      0x179 ./Core/Src/timer_if.o
 .debug_abbrev  0x00000b36       0x24 ./Core/Startup/startup_stm32wl55jcix.o
 .debug_abbrev  0x00000b5a      0x344 ./Drivers/STM32WLxx_HAL_Driver/Src/stm32wlxx_hal.o
 .debug_abbrev  0x00000e9e      0x2e8 ./Drivers/STM32WLxx_HAL_Driver/Src/stm32wlxx_hal_cortex.o
 .debug_abbrev  0x00001186      0x22a ./Drivers/STM32WLxx_HAL_Driver/Src/stm32wlxx_hal_dma.o
 .debug_abbrev  0x000013b0      0x1e9 ./Drivers/STM32WLxx_HAL_Driver/Src/stm32wlxx_hal_gpio.o
 .debug_abbrev  0x00001599      0x209 ./Drivers/STM32WLxx_HAL_Driver/Src/stm32wlxx_hal_pwr.o
 .debug_abbrev  0x000017a2      0x302 ./Drivers/STM32WLxx_HAL_Driver/Src/stm32wlxx_hal_pwr_ex.o
 .debug_abbrev  0x00001aa4      0x32d ./Drivers/STM32WLxx_HAL_Driver/Src/stm32wlxx_hal_rcc.o
 .debug_abbrev  0x00001dd1      0x2cb ./Drivers/STM32WLxx_HAL_Driver/Src/stm32wlxx_hal_rcc_ex.o
 .debug_abbrev  0x0000209c      0x299 ./Drivers/STM32WLxx_HAL_Driver/Src/stm32wlxx_hal_subghz.o
 .debug_abbrev  0x00002335      0x287 ./Drivers/STM32WLxx_HAL_Driver/Src/stm32wlxx_hal_tim.o
 .debug_abbrev  0x000025bc      0x295 ./Drivers/STM32WLxx_HAL_Driver/Src/stm32wlxx_hal_tim_ex.o
 .debug_abbrev  0x00002851      0x352 ./Drivers/STM32WLxx_HAL_Driver/Src/stm32wlxx_hal_uart.o
 .debug_abbrev  0x00002ba3      0x2d2 ./Drivers/STM32WLxx_HAL_Driver/Src/stm32wlxx_hal_uart_ex.o
 .debug_abbrev  0x00002e75      0x3c3 ./Middlewares/Third_Party/SubGHz_Phy/stm32_radio_driver/radio.o
 .debug_abbrev  0x00003238      0x412 ./Middlewares/Third_Party/SubGHz_Phy/stm32_radio_driver/radio_driver.o
 .debug_abbrev  0x0000364a      0x207 ./Middlewares/Third_Party/SubGHz_Phy/stm32_radio_driver/radio_fw.o
 .debug_abbrev  0x00003851       0x72 ./SubGHz_Phy/App/app_subghz_phy.o
 .debug_abbrev  0x000038c3      0x1fc ./SubGHz_Phy/App/subghz_phy_app.o
 .debug_abbrev  0x00003abf      0x203 ./SubGHz_Phy/Target/radio_board_if.o
 .debug_abbrev  0x00003cc2       0xbd ./Utilities/misc/stm32_mem.o
 .debug_abbrev  0x00003d7f      0x2d9 ./Utilities/timer/stm32_timer.o

.debug_aranges  0x00000000     0x1d58
 .debug_aranges
                0x00000000       0x70 ./Core/Src/main.o
 .debug_aranges
                0x00000070       0x88 ./Core/Src/stm32wlxx_hal_msp.o
 .debug_aranges
                0x000000f8       0x78 ./Core/Src/stm32wlxx_it.o
 .debug_aranges
                0x00000170       0x30 ./Core/Src/sys_app.o
 .debug_aranges
                0x000001a0       0x28 ./Core/Src/system_stm32wlxx.o
 .debug_aranges
                0x000001c8       0x98 ./Core/Src/timer_if.o
 .debug_aranges
                0x00000260       0x28 ./Core/Startup/startup_stm32wl55jcix.o
 .debug_aranges
                0x00000288      0x240 ./Drivers/STM32WLxx_HAL_Driver/Src/stm32wlxx_hal.o
 .debug_aranges
                0x000004c8      0x118 ./Drivers/STM32WLxx_HAL_Driver/Src/stm32wlxx_hal_cortex.o
 .debug_aranges
                0x000005e0       0xa0 ./Drivers/STM32WLxx_HAL_Driver/Src/stm32wlxx_hal_dma.o
 .debug_aranges
                0x00000680       0x60 ./Drivers/STM32WLxx_HAL_Driver/Src/stm32wlxx_hal_gpio.o
 .debug_aranges
                0x000006e0       0xc8 ./Drivers/STM32WLxx_HAL_Driver/Src/stm32wlxx_hal_pwr.o
 .debug_aranges
                0x000007a8      0x200 ./Drivers/STM32WLxx_HAL_Driver/Src/stm32wlxx_hal_pwr_ex.o
 .debug_aranges
                0x000009a8      0x230 ./Drivers/STM32WLxx_HAL_Driver/Src/stm32wlxx_hal_rcc.o
 .debug_aranges
                0x00000bd8      0x1e8 ./Drivers/STM32WLxx_HAL_Driver/Src/stm32wlxx_hal_rcc_ex.o
 .debug_aranges
                0x00000dc0      0x168 ./Drivers/STM32WLxx_HAL_Driver/Src/stm32wlxx_hal_subghz.o
 .debug_aranges
                0x00000f28      0x3e0 ./Drivers/STM32WLxx_HAL_Driver/Src/stm32wlxx_hal_tim.o
 .debug_aranges
                0x00001308      0x190 ./Drivers/STM32WLxx_HAL_Driver/Src/stm32wlxx_hal_tim_ex.o
 .debug_aranges
                0x00001498      0x258 ./Drivers/STM32WLxx_HAL_Driver/Src/stm32wlxx_hal_uart.o
 .debug_aranges
                0x000016f0       0xa8 ./Drivers/STM32WLxx_HAL_Driver/Src/stm32wlxx_hal_uart_ex.o
 .debug_aranges
                0x00001798      0x168 ./Middlewares/Third_Party/SubGHz_Phy/stm32_radio_driver/radio.o
 .debug_aranges
                0x00001900      0x240 ./Middlewares/Third_Party/SubGHz_Phy/stm32_radio_driver/radio_driver.o
 .debug_aranges
                0x00001b40       0x78 ./Middlewares/Third_Party/SubGHz_Phy/stm32_radio_driver/radio_fw.o
 .debug_aranges
                0x00001bb8       0x28 ./SubGHz_Phy/App/app_subghz_phy.o
 .debug_aranges
                0x00001be0       0x48 ./SubGHz_Phy/App/subghz_phy_app.o
 .debug_aranges
                0x00001c28       0x58 ./SubGHz_Phy/Target/radio_board_if.o
 .debug_aranges
                0x00001c80       0x30 ./Utilities/misc/stm32_mem.o
 .debug_aranges
                0x00001cb0       0xa8 ./Utilities/timer/stm32_timer.o

.debug_rnglists
                0x00000000     0x1687
 .debug_rnglists
                0x00000000       0x55 ./Core/Src/main.o
 .debug_rnglists
                0x00000055       0x62 ./Core/Src/stm32wlxx_hal_msp.o
 .debug_rnglists
                0x000000b7       0x55 ./Core/Src/stm32wlxx_it.o
 .debug_rnglists
                0x0000010c       0x1f ./Core/Src/sys_app.o
 .debug_rnglists
                0x0000012b       0x1a ./Core/Src/system_stm32wlxx.o
 .debug_rnglists
                0x00000145       0x6d ./Core/Src/timer_if.o
 .debug_rnglists
                0x000001b2       0x19 ./Core/Startup/startup_stm32wl55jcix.o
 .debug_rnglists
                0x000001cb      0x1ab ./Drivers/STM32WLxx_HAL_Driver/Src/stm32wlxx_hal.o
 .debug_rnglists
                0x00000376       0xce ./Drivers/STM32WLxx_HAL_Driver/Src/stm32wlxx_hal_cortex.o
 .debug_rnglists
                0x00000444       0x7e ./Drivers/STM32WLxx_HAL_Driver/Src/stm32wlxx_hal_dma.o
 .debug_rnglists
                0x000004c2       0x45 ./Drivers/STM32WLxx_HAL_Driver/Src/stm32wlxx_hal_gpio.o
 .debug_rnglists
                0x00000507       0x91 ./Drivers/STM32WLxx_HAL_Driver/Src/stm32wlxx_hal_pwr.o
 .debug_rnglists